Archive member included to satisfy reference by file (symbol)

d:/stm32cubeide_1.5.0/stm32cubeide/plugins/com.st.stm32cube.ide.mcu.externaltools.gnu-tools-for-stm32.7-2018-q2-update.win32_1.5.0.202011040924/tools/bin/../lib/gcc/arm-none-eabi/7.3.1/../../../../arm-none-eabi/lib/thumb/v7-m\libc_nano.a(lib_a-errno.o)
                              Core/Src/syscalls.o (__errno)
d:/stm32cubeide_1.5.0/stm32cubeide/plugins/com.st.stm32cube.ide.mcu.externaltools.gnu-tools-for-stm32.7-2018-q2-update.win32_1.5.0.202011040924/tools/bin/../lib/gcc/arm-none-eabi/7.3.1/../../../../arm-none-eabi/lib/thumb/v7-m\libc_nano.a(lib_a-exit.o)
                              d:/stm32cubeide_1.5.0/stm32cubeide/plugins/com.st.stm32cube.ide.mcu.externaltools.gnu-tools-for-stm32.7-2018-q2-update.win32_1.5.0.202011040924/tools/bin/../lib/gcc/arm-none-eabi/7.3.1/../../../../arm-none-eabi/lib/thumb/v7-m/crt0.o (exit)
d:/stm32cubeide_1.5.0/stm32cubeide/plugins/com.st.stm32cube.ide.mcu.externaltools.gnu-tools-for-stm32.7-2018-q2-update.win32_1.5.0.202011040924/tools/bin/../lib/gcc/arm-none-eabi/7.3.1/../../../../arm-none-eabi/lib/thumb/v7-m\libc_nano.a(lib_a-impure.o)
                              d:/stm32cubeide_1.5.0/stm32cubeide/plugins/com.st.stm32cube.ide.mcu.externaltools.gnu-tools-for-stm32.7-2018-q2-update.win32_1.5.0.202011040924/tools/bin/../lib/gcc/arm-none-eabi/7.3.1/../../../../arm-none-eabi/lib/thumb/v7-m\libc_nano.a(lib_a-exit.o) (_global_impure_ptr)
d:/stm32cubeide_1.5.0/stm32cubeide/plugins/com.st.stm32cube.ide.mcu.externaltools.gnu-tools-for-stm32.7-2018-q2-update.win32_1.5.0.202011040924/tools/bin/../lib/gcc/arm-none-eabi/7.3.1/../../../../arm-none-eabi/lib/thumb/v7-m\libc_nano.a(lib_a-init.o)
                              d:/stm32cubeide_1.5.0/stm32cubeide/plugins/com.st.stm32cube.ide.mcu.externaltools.gnu-tools-for-stm32.7-2018-q2-update.win32_1.5.0.202011040924/tools/bin/../lib/gcc/arm-none-eabi/7.3.1/../../../../arm-none-eabi/lib/thumb/v7-m/crt0.o (__libc_init_array)
d:/stm32cubeide_1.5.0/stm32cubeide/plugins/com.st.stm32cube.ide.mcu.externaltools.gnu-tools-for-stm32.7-2018-q2-update.win32_1.5.0.202011040924/tools/bin/../lib/gcc/arm-none-eabi/7.3.1/../../../../arm-none-eabi/lib/thumb/v7-m\libc_nano.a(lib_a-memset.o)
                              d:/stm32cubeide_1.5.0/stm32cubeide/plugins/com.st.stm32cube.ide.mcu.externaltools.gnu-tools-for-stm32.7-2018-q2-update.win32_1.5.0.202011040924/tools/bin/../lib/gcc/arm-none-eabi/7.3.1/../../../../arm-none-eabi/lib/thumb/v7-m/crt0.o (memset)

Allocating common symbols
Common symbol       size              file

hspi2               0x58              Core/Src/spi.o
hi2c1               0x54              Core/Src/i2c.o
uwTick              0x4               Drivers/STM32F1xx_HAL_Driver/Src/stm32f1xx_hal.o
pFlash              0x20              Drivers/STM32F1xx_HAL_Driver/Src/stm32f1xx_hal_flash.o
huart2              0x40              Core/Src/usart.o

Discarded input sections

 .text          0x0000000000000000        0x0 d:/stm32cubeide_1.5.0/stm32cubeide/plugins/com.st.stm32cube.ide.mcu.externaltools.gnu-tools-for-stm32.7-2018-q2-update.win32_1.5.0.202011040924/tools/bin/../lib/gcc/arm-none-eabi/7.3.1/thumb/v7-m/crti.o
 .data          0x0000000000000000        0x0 d:/stm32cubeide_1.5.0/stm32cubeide/plugins/com.st.stm32cube.ide.mcu.externaltools.gnu-tools-for-stm32.7-2018-q2-update.win32_1.5.0.202011040924/tools/bin/../lib/gcc/arm-none-eabi/7.3.1/thumb/v7-m/crti.o
 .bss           0x0000000000000000        0x0 d:/stm32cubeide_1.5.0/stm32cubeide/plugins/com.st.stm32cube.ide.mcu.externaltools.gnu-tools-for-stm32.7-2018-q2-update.win32_1.5.0.202011040924/tools/bin/../lib/gcc/arm-none-eabi/7.3.1/thumb/v7-m/crti.o
 .data          0x0000000000000000        0x4 d:/stm32cubeide_1.5.0/stm32cubeide/plugins/com.st.stm32cube.ide.mcu.externaltools.gnu-tools-for-stm32.7-2018-q2-update.win32_1.5.0.202011040924/tools/bin/../lib/gcc/arm-none-eabi/7.3.1/thumb/v7-m/crtbegin.o
 .text          0x0000000000000000       0x74 d:/stm32cubeide_1.5.0/stm32cubeide/plugins/com.st.stm32cube.ide.mcu.externaltools.gnu-tools-for-stm32.7-2018-q2-update.win32_1.5.0.202011040924/tools/bin/../lib/gcc/arm-none-eabi/7.3.1/../../../../arm-none-eabi/lib/thumb/v7-m/crt0.o
 .data          0x0000000000000000        0x0 d:/stm32cubeide_1.5.0/stm32cubeide/plugins/com.st.stm32cube.ide.mcu.externaltools.gnu-tools-for-stm32.7-2018-q2-update.win32_1.5.0.202011040924/tools/bin/../lib/gcc/arm-none-eabi/7.3.1/../../../../arm-none-eabi/lib/thumb/v7-m/crt0.o
 .bss           0x0000000000000000        0x0 d:/stm32cubeide_1.5.0/stm32cubeide/plugins/com.st.stm32cube.ide.mcu.externaltools.gnu-tools-for-stm32.7-2018-q2-update.win32_1.5.0.202011040924/tools/bin/../lib/gcc/arm-none-eabi/7.3.1/../../../../arm-none-eabi/lib/thumb/v7-m/crt0.o
[...]
Memory Configuration

Name             Origin             Length             Attributes
RAM              0x0000000020000000 0x0000000000005000 xrw
FLASH            0x0000000008000000 0x0000000000010000 xr
*default*        0x0000000000000000 0xffffffffffffffff

Linker script and memory map

LOAD d:/stm32cubeide_1.5.0/stm32cubeide/plugins/com.st.stm32cube.ide.mcu.externaltools.gnu-tools-for-stm32.7-2018-q2-update.win32_1.5.0.202011040924/tools/bin/../lib/gcc/arm-none-eabi/7.3.1/thumb/v7-m/crti.o
LOAD d:/stm32cubeide_1.5.0/stm32cubeide/plugins/com.st.stm32cube.ide.mcu.externaltools.gnu-tools-for-stm32.7-2018-q2-update.win32_1.5.0.202011040924/tools/bin/../lib/gcc/arm-none-eabi/7.3.1/thumb/v7-m/crtbegin.o
LOAD d:/stm32cubeide_1.5.0/stm32cubeide/plugins/com.st.stm32cube.ide.mcu.externaltools.gnu-tools-for-stm32.7-2018-q2-update.win32_1.5.0.202011040924/tools/bin/../lib/gcc/arm-none-eabi/7.3.1/../../../../arm-none-eabi/lib/thumb/v7-m/crt0.o
LOAD Core/MyCode/mycode.o
LOAD Core/MyCommonLib/Demo/SrcDemo/keypadsrc.o
LOAD Core/MyCommonLib/src/myLib/drv/commonDrv/mcuDrvs/commonDrv_stm32f1.o
LOAD Core/MyCommonLib/src/myLib/drv/commonDrv/mcuDrvs/commonDrv_stm32h7.o
LOAD Core/MyCommonLib/src/myLib/drv/iic/mcuDrvs/iic_stm32f1.o
LOAD Core/MyCommonLib/src/myLib/drv/iic/mcuDrvs/iic_stm32h7.o
LOAD Core/MyCommonLib/src/myLib/drv/spi/mcuDrvs/spi_stm32f1.o
LOAD Core/MyCommonLib/src/myLib/drv/spi/mcuDrvs/spi_stm32h7.o
LOAD Core/MyCommonLib/src/myLib/drv/uart/mcuDrvs/uart_stm32f1.o
LOAD Core/MyCommonLib/src/myLib/drv/uart/mcuDrvs/uart_stm32h7.o
LOAD Core/MyCommonLib/src/myLib/service/display/ili9341/mcuDrvs/tftlcd_drv_stm32f1.o
LOAD Core/MyCommonLib/src/myLib/service/display/ili9341/mcuDrvs/tftlcd_drv_stm32h7.o
LOAD Core/MyCommonLib/src/myLib/service/display/ili9341/tftlcd.o
LOAD Core/MyCommonLib/src/myLib/service/input/keypad/keypad.o
LOAD Core/MyCommonLib/src/myLib/service/input/keypad/mcuDrvs/keypad_drv_stm32f1.o
LOAD Core/MyCommonLib/src/myLib/service/input/keypad/mcuDrvs/keypad_drv_stm32h7.o
LOAD Core/Src/gpio.o
LOAD Core/Src/i2c.o
LOAD Core/Src/main.o
LOAD Core/Src/spi.o
LOAD Core/Src/stm32f1xx_hal_msp.o
LOAD Core/Src/stm32f1xx_it.o
LOAD Core/Src/syscalls.o
LOAD Core/Src/sysmem.o
LOAD Core/Src/system_stm32f1xx.o
LOAD Core/Src/usart.o
LOAD Core/Startup/startup_stm32f103c8tx.o
LOAD Drivers/STM32F1xx_HAL_Driver/Src/stm32f1xx_hal.o
LOAD Drivers/STM32F1xx_HAL_Driver/Src/stm32f1xx_hal_cortex.o
LOAD Drivers/STM32F1xx_HAL_Driver/Src/stm32f1xx_hal_dma.o
LOAD Drivers/STM32F1xx_HAL_Driver/Src/stm32f1xx_hal_exti.o
LOAD Drivers/STM32F1xx_HAL_Driver/Src/stm32f1xx_hal_flash.o
LOAD Drivers/STM32F1xx_HAL_Driver/Src/stm32f1xx_hal_flash_ex.o
LOAD Drivers/STM32F1xx_HAL_Driver/Src/stm32f1xx_hal_gpio.o
LOAD Drivers/STM32F1xx_HAL_Driver/Src/stm32f1xx_hal_gpio_ex.o
LOAD Drivers/STM32F1xx_HAL_Driver/Src/stm32f1xx_hal_i2c.o
LOAD Drivers/STM32F1xx_HAL_Driver/Src/stm32f1xx_hal_pwr.o
LOAD Drivers/STM32F1xx_HAL_Driver/Src/stm32f1xx_hal_rcc.o
LOAD Drivers/STM32F1xx_HAL_Driver/Src/stm32f1xx_hal_rcc_ex.o
LOAD Drivers/STM32F1xx_HAL_Driver/Src/stm32f1xx_hal_spi.o
LOAD Drivers/STM32F1xx_HAL_Driver/Src/stm32f1xx_hal_tim.o
LOAD Drivers/STM32F1xx_HAL_Driver/Src/stm32f1xx_hal_tim_ex.o
LOAD Drivers/STM32F1xx_HAL_Driver/Src/stm32f1xx_hal_uart.o
START GROUP
LOAD d:/stm32cubeide_1.5.0/stm32cubeide/plugins/com.st.stm32cube.ide.mcu.externaltools.gnu-tools-for-stm32.7-2018-q2-update.win32_1.5.0.202011040924/tools/bin/../lib/gcc/arm-none-eabi/7.3.1/../../../../arm-none-eabi/lib/thumb/v7-m\libc_nano.a
LOAD d:/stm32cubeide_1.5.0/stm32cubeide/plugins/com.st.stm32cube.ide.mcu.externaltools.gnu-tools-for-stm32.7-2018-q2-update.win32_1.5.0.202011040924/tools/bin/../lib/gcc/arm-none-eabi/7.3.1/../../../../arm-none-eabi/lib/thumb/v7-m\libm.a
END GROUP
START GROUP
LOAD d:/stm32cubeide_1.5.0/stm32cubeide/plugins/com.st.stm32cube.ide.mcu.externaltools.gnu-tools-for-stm32.7-2018-q2-update.win32_1.5.0.202011040924/tools/bin/../lib/gcc/arm-none-eabi/7.3.1/thumb/v7-m\libgcc.a
LOAD d:/stm32cubeide_1.5.0/stm32cubeide/plugins/com.st.stm32cube.ide.mcu.externaltools.gnu-tools-for-stm32.7-2018-q2-update.win32_1.5.0.202011040924/tools/bin/../lib/gcc/arm-none-eabi/7.3.1/../../../../arm-none-eabi/lib/thumb/v7-m\libc_nano.a
END GROUP
START GROUP
LOAD d:/stm32cubeide_1.5.0/stm32cubeide/plugins/com.st.stm32cube.ide.mcu.externaltools.gnu-tools-for-stm32.7-2018-q2-update.win32_1.5.0.202011040924/tools/bin/../lib/gcc/arm-none-eabi/7.3.1/thumb/v7-m\libgcc.a
LOAD d:/stm32cubeide_1.5.0/stm32cubeide/plugins/com.st.stm32cube.ide.mcu.externaltools.gnu-tools-for-stm32.7-2018-q2-update.win32_1.5.0.202011040924/tools/bin/../lib/gcc/arm-none-eabi/7.3.1/../../../../arm-none-eabi/lib/thumb/v7-m\libc_nano.a
LOAD d:/stm32cubeide_1.5.0/stm32cubeide/plugins/com.st.stm32cube.ide.mcu.externaltools.gnu-tools-for-stm32.7-2018-q2-update.win32_1.5.0.202011040924/tools/bin/../lib/gcc/arm-none-eabi/7.3.1/../../../../arm-none-eabi/lib/thumb/v7-m\libnosys.a
END GROUP
START GROUP
LOAD d:/stm32cubeide_1.5.0/stm32cubeide/plugins/com.st.stm32cube.ide.mcu.externaltools.gnu-tools-for-stm32.7-2018-q2-update.win32_1.5.0.202011040924/tools/bin/../lib/gcc/arm-none-eabi/7.3.1/thumb/v7-m\libgcc.a
LOAD d:/stm32cubeide_1.5.0/stm32cubeide/plugins/com.st.stm32cube.ide.mcu.externaltools.gnu-tools-for-stm32.7-2018-q2-update.win32_1.5.0.202011040924/tools/bin/../lib/gcc/arm-none-eabi/7.3.1/../../../../arm-none-eabi/lib/thumb/v7-m\libc_nano.a
LOAD d:/stm32cubeide_1.5.0/stm32cubeide/plugins/com.st.stm32cube.ide.mcu.externaltools.gnu-tools-for-stm32.7-2018-q2-update.win32_1.5.0.202011040924/tools/bin/../lib/gcc/arm-none-eabi/7.3.1/../../../../arm-none-eabi/lib/thumb/v7-m\libnosys.a
END GROUP
LOAD d:/stm32cubeide_1.5.0/stm32cubeide/plugins/com.st.stm32cube.ide.mcu.externaltools.gnu-tools-for-stm32.7-2018-q2-update.win32_1.5.0.202011040924/tools/bin/../lib/gcc/arm-none-eabi/7.3.1/thumb/v7-m/crtend.o
LOAD d:/stm32cubeide_1.5.0/stm32cubeide/plugins/com.st.stm32cube.ide.mcu.externaltools.gnu-tools-for-stm32.7-2018-q2-update.win32_1.5.0.202011040924/tools/bin/../lib/gcc/arm-none-eabi/7.3.1/thumb/v7-m/crtn.o
                0x0000000020005000                _estack = (ORIGIN (RAM) + LENGTH (RAM))
                0x0000000000000200                _Min_Heap_Size = 0x200
                0x0000000000000400                _Min_Stack_Size = 0x400

.isr_vector     0x0000000008000000      0x10c
                0x0000000008000000                . = ALIGN (0x4)
 *(.isr_vector)
 .isr_vector    0x0000000008000000      0x10c Core/Startup/startup_stm32f103c8tx.o
                0x0000000008000000                g_pfnVectors
                0x000000000800010c                . = ALIGN (0x4)

.text           0x000000000800010c     0x1cf4
                0x000000000800010c                . = ALIGN (0x4)
 *(.text)
 .text          0x000000000800010c       0x40 d:/stm32cubeide_1.5.0/stm32cubeide/plugins/com.st.stm32cube.ide.mcu.externaltools.gnu-tools-for-stm32.7-2018-q2-update.win32_1.5.0.202011040924/tools/bin/../lib/gcc/arm-none-eabi/7.3.1/thumb/v7-m/crtbegin.o
 *(.text*)
 .text.mylogic  0x000000000800014c        0xa Core/MyCode/mycode.o
                0x000000000800014c                mylogic
 *fill*         0x0000000008000156        0x2 
 .text.myDelayUS
                0x0000000008000158       0x7c Core/MyCommonLib/src/myLib/drv/commonDrv/mcuDrvs/commonDrv_stm32f1.o
                0x0000000008000158                myDelayUS
 .text.myDelayMS
                0x00000000080001d4       0x2e Core/MyCommonLib/src/myLib/drv/commonDrv/mcuDrvs/commonDrv_stm32f1.o
                0x00000000080001d4                myDelayMS
 *fill*         0x0000000008000202        0x2 
 .text.myDelayInit
                0x0000000008000204       0x24 Core/MyCommonLib/src/myLib/drv/commonDrv/mcuDrvs/commonDrv_stm32f1.o
                0x0000000008000204                myDelayInit
 .text.LCD_setCS
                0x0000000008000228       0x18 Core/MyCommonLib/src/myLib/service/display/ili9341/mcuDrvs/tftlcd_drv_stm32f1.o
                0x0000000008000228                LCD_setCS
 .text.LCD_setRS
                0x0000000008000240       0x18 Core/MyCommonLib/src/myLib/service/display/ili9341/mcuDrvs/tftlcd_drv_stm32f1.o
                0x0000000008000240                LCD_setRS
 .text.LCD_setSDA
                0x0000000008000258       0x18 Core/MyCommonLib/src/myLib/service/display/ili9341/mcuDrvs/tftlcd_drv_stm32f1.o
                0x0000000008000258                LCD_setSDA
 .text.LCD_setSCL
                0x0000000008000270       0x18 Core/MyCommonLib/src/myLib/service/display/ili9341/mcuDrvs/tftlcd_drv_stm32f1.o
                0x0000000008000270                LCD_setSCL
 .text.LCD_setRST
                0x0000000008000288       0x18 Core/MyCommonLib/src/myLib/service/display/ili9341/mcuDrvs/tftlcd_drv_stm32f1.o
                0x0000000008000288                LCD_setRST
 .text.LCD_setLED
                0x00000000080002a0       0x18 Core/MyCommonLib/src/myLib/service/display/ili9341/mcuDrvs/tftlcd_drv_stm32f1.o
                0x00000000080002a0                LCD_setLED
 .text.LCD_resetCS
                0x00000000080002b8       0x18 Core/MyCommonLib/src/myLib/service/display/ili9341/mcuDrvs/tftlcd_drv_stm32f1.o
                0x00000000080002b8                LCD_resetCS
 .text.LCD_resetRS
                0x00000000080002d0       0x18 Core/MyCommonLib/src/myLib/service/display/ili9341/mcuDrvs/tftlcd_drv_stm32f1.o
                0x00000000080002d0                LCD_resetRS
 .text.LCD_resetSDA
                0x00000000080002e8       0x18 Core/MyCommonLib/src/myLib/service/display/ili9341/mcuDrvs/tftlcd_drv_stm32f1.o
                0x00000000080002e8                LCD_resetSDA
 .text.LCD_resetSCL
                0x0000000008000300       0x18 Core/MyCommonLib/src/myLib/service/display/ili9341/mcuDrvs/tftlcd_drv_stm32f1.o
                0x0000000008000300                LCD_resetSCL
 .text.LCD_resetRST
                0x0000000008000318       0x18 Core/MyCommonLib/src/myLib/service/display/ili9341/mcuDrvs/tftlcd_drv_stm32f1.o
                0x0000000008000318                LCD_resetRST
 .text.LCD_resetLED
                0x0000000008000330       0x18 Core/MyCommonLib/src/myLib/service/display/ili9341/mcuDrvs/tftlcd_drv_stm32f1.o
                0x0000000008000330                LCD_resetLED
 .text.LCD_Init
                0x0000000008000348      0x210 Core/MyCommonLib/src/myLib/service/display/ili9341/tftlcd.o
                0x0000000008000348                LCD_Init
 .text.LCD_Write_spi
                0x0000000008000558       0x48 Core/MyCommonLib/src/myLib/service/display/ili9341/tftlcd.o
                0x0000000008000558                LCD_Write_spi
 .text.LCD_WriteIndex
                0x00000000080005a0       0x26 Core/MyCommonLib/src/myLib/service/display/ili9341/tftlcd.o
                0x00000000080005a0                LCD_WriteIndex
 .text.LCD_WriteData8Bit
                0x00000000080005c6       0x26 Core/MyCommonLib/src/myLib/service/display/ili9341/tftlcd.o
                0x00000000080005c6                LCD_WriteData8Bit
 .text.LCD_WriteData16Bit
                0x00000000080005ec       0x2a Core/MyCommonLib/src/myLib/service/display/ili9341/tftlcd.o
                0x00000000080005ec                LCD_WriteData16Bit
 .text.LCD_Reset
                0x0000000008000616       0x1c Core/MyCommonLib/src/myLib/service/display/ili9341/tftlcd.o
                0x0000000008000616                LCD_Reset
 .text.LCD_Clear
                0x0000000008000632       0x48 Core/MyCommonLib/src/myLib/service/display/ili9341/tftlcd.o
                0x0000000008000632                LCD_Clear
 .text.LCD_SetRegion
                0x000000000800067a       0x58 Core/MyCommonLib/src/myLib/service/display/ili9341/tftlcd.o
                0x000000000800067a                LCD_SetRegion
 .text.Color_Test
                0x00000000080006d2       0x7a Core/MyCommonLib/src/myLib/service/display/ili9341/tftlcd.o
                0x00000000080006d2                Color_Test
 .text.Test_Demo
                0x000000000800074c       0x20 Core/MyCommonLib/src/myLib/service/display/ili9341/tftlcd.o
                0x000000000800074c                Test_Demo
 .text.MX_GPIO_Init
                0x000000000800076c       0x98 Core/Src/gpio.o
                0x000000000800076c                MX_GPIO_Init
 .text.MX_I2C1_Init
                0x0000000008000804       0x5c Core/Src/i2c.o
                0x0000000008000804                MX_I2C1_Init
 .text.HAL_I2C_MspInit
                0x0000000008000860       0x7c Core/Src/i2c.o
                0x0000000008000860                HAL_I2C_MspInit
 .text.main     0x00000000080008dc       0x24 Core/Src/main.o
                0x00000000080008dc                main
 .text.SystemClock_Config
                0x0000000008000900       0x8a Core/Src/main.o
                0x0000000008000900                SystemClock_Config
 .text.Error_Handler
                0x000000000800098a        0x8 Core/Src/main.o
                0x000000000800098a                Error_Handler
 *fill*         0x0000000008000992        0x2 
 .text.HAL_MspInit
                0x0000000008000994       0x64 Core/Src/stm32f1xx_hal_msp.o
                0x0000000008000994                HAL_MspInit
 .text.NMI_Handler
                0x00000000080009f8        0x6 Core/Src/stm32f1xx_it.o
                0x00000000080009f8                NMI_Handler
 .text.HardFault_Handler
                0x00000000080009fe        0x6 Core/Src/stm32f1xx_it.o
                0x00000000080009fe                HardFault_Handler
 .text.MemManage_Handler
                0x0000000008000a04        0x6 Core/Src/stm32f1xx_it.o
                0x0000000008000a04                MemManage_Handler
 .text.BusFault_Handler
                0x0000000008000a0a        0x6 Core/Src/stm32f1xx_it.o
                0x0000000008000a0a                BusFault_Handler
 .text.UsageFault_Handler
                0x0000000008000a10        0x6 Core/Src/stm32f1xx_it.o
                0x0000000008000a10                UsageFault_Handler
 .text.SVC_Handler
                0x0000000008000a16        0xc Core/Src/stm32f1xx_it.o
                0x0000000008000a16                SVC_Handler
 .text.DebugMon_Handler
                0x0000000008000a22        0xc Core/Src/stm32f1xx_it.o
                0x0000000008000a22                DebugMon_Handler
 .text.PendSV_Handler
                0x0000000008000a2e        0xc Core/Src/stm32f1xx_it.o
                0x0000000008000a2e                PendSV_Handler
 .text.SysTick_Handler
                0x0000000008000a3a        0xc Core/Src/stm32f1xx_it.o
                0x0000000008000a3a                SysTick_Handler
 .text.SystemInit
                0x0000000008000a46        0xc Core/Src/system_stm32f1xx.o
                0x0000000008000a46                SystemInit
 *fill*         0x0000000008000a52        0x2 
 .text.MX_USART2_UART_Init
                0x0000000008000a54       0x54 Core/Src/usart.o
                0x0000000008000a54                MX_USART2_UART_Init
 .text.HAL_UART_MspInit
                0x0000000008000aa8       0x94 Core/Src/usart.o
                0x0000000008000aa8                HAL_UART_MspInit
 .text.Reset_Handler
                0x0000000008000b3c       0x48 Core/Startup/startup_stm32f103c8tx.o
                0x0000000008000b3c                Reset_Handler
 .text.Default_Handler
                0x0000000008000b84        0x2 Core/Startup/startup_stm32f103c8tx.o
                0x0000000008000b84                RTC_Alarm_IRQHandler
                0x0000000008000b84                EXTI2_IRQHandler
                0x0000000008000b84                TIM1_CC_IRQHandler
                0x0000000008000b84                PVD_IRQHandler
                0x0000000008000b84                EXTI3_IRQHandler
                0x0000000008000b84                EXTI0_IRQHandler
                0x0000000008000b84                I2C2_EV_IRQHandler
                0x0000000008000b84                ADC1_2_IRQHandler
                0x0000000008000b84                SPI1_IRQHandler
                0x0000000008000b84                TAMPER_IRQHandler
                0x0000000008000b84                DMA1_Channel4_IRQHandler
                0x0000000008000b84                USART3_IRQHandler
                0x0000000008000b84                RTC_IRQHandler
                0x0000000008000b84                DMA1_Channel7_IRQHandler
                0x0000000008000b84                CAN1_RX1_IRQHandler
                0x0000000008000b84                TIM4_IRQHandler
                0x0000000008000b84                I2C1_EV_IRQHandler
                0x0000000008000b84                DMA1_Channel6_IRQHandler
                0x0000000008000b84                TIM3_IRQHandler
                0x0000000008000b84                RCC_IRQHandler
                0x0000000008000b84                TIM1_TRG_COM_IRQHandler
                0x0000000008000b84                DMA1_Channel1_IRQHandler
                0x0000000008000b84                Default_Handler
                0x0000000008000b84                EXTI15_10_IRQHandler
                0x0000000008000b84                EXTI9_5_IRQHandler
                0x0000000008000b84                SPI2_IRQHandler
                0x0000000008000b84                DMA1_Channel5_IRQHandler
                0x0000000008000b84                EXTI4_IRQHandler
                0x0000000008000b84                USB_LP_CAN1_RX0_IRQHandler
                0x0000000008000b84                USB_HP_CAN1_TX_IRQHandler
                0x0000000008000b84                DMA1_Channel3_IRQHandler
                0x0000000008000b84                TIM1_UP_IRQHandler
                0x0000000008000b84                WWDG_IRQHandler
                0x0000000008000b84                TIM2_IRQHandler
                0x0000000008000b84                TIM1_BRK_IRQHandler
                0x0000000008000b84                EXTI1_IRQHandler
                0x0000000008000b84                USART2_IRQHandler
                0x0000000008000b84                I2C2_ER_IRQHandler
                0x0000000008000b84                DMA1_Channel2_IRQHandler
                0x0000000008000b84                CAN1_SCE_IRQHandler
                0x0000000008000b84                FLASH_IRQHandler
                0x0000000008000b84                USART1_IRQHandler
                0x0000000008000b84                I2C1_ER_IRQHandler
                0x0000000008000b84                USBWakeUp_IRQHandler
 *fill*         0x0000000008000b86        0x2 
 .text.HAL_Init
                0x0000000008000b88       0x2c Drivers/STM32F1xx_HAL_Driver/Src/stm32f1xx_hal.o
                0x0000000008000b88                HAL_Init
 .text.HAL_InitTick
                0x0000000008000bb4       0x60 Drivers/STM32F1xx_HAL_Driver/Src/stm32f1xx_hal.o
                0x0000000008000bb4                HAL_InitTick
 .text.HAL_IncTick
                0x0000000008000c14       0x24 Drivers/STM32F1xx_HAL_Driver/Src/stm32f1xx_hal.o
                0x0000000008000c14                HAL_IncTick
 .text.HAL_GetTick
                0x0000000008000c38       0x14 Drivers/STM32F1xx_HAL_Driver/Src/stm32f1xx_hal.o
                0x0000000008000c38                HAL_GetTick
 .text.__NVIC_SetPriorityGrouping
                0x0000000008000c4c       0x48 Drivers/STM32F1xx_HAL_Driver/Src/stm32f1xx_hal_cortex.o
 .text.__NVIC_GetPriorityGrouping
                0x0000000008000c94       0x1c Drivers/STM32F1xx_HAL_Driver/Src/stm32f1xx_hal_cortex.o
 .text.__NVIC_SetPriority
                0x0000000008000cb0       0x54 Drivers/STM32F1xx_HAL_Driver/Src/stm32f1xx_hal_cortex.o
 .text.NVIC_EncodePriority
                0x0000000008000d04       0x64 Drivers/STM32F1xx_HAL_Driver/Src/stm32f1xx_hal_cortex.o
 .text.SysTick_Config
                0x0000000008000d68       0x44 Drivers/STM32F1xx_HAL_Driver/Src/stm32f1xx_hal_cortex.o
 .text.HAL_NVIC_SetPriorityGrouping
                0x0000000008000dac       0x16 Drivers/STM32F1xx_HAL_Driver/Src/stm32f1xx_hal_cortex.o
                0x0000000008000dac                HAL_NVIC_SetPriorityGrouping
 .text.HAL_NVIC_SetPriority
                0x0000000008000dc2       0x38 Drivers/STM32F1xx_HAL_Driver/Src/stm32f1xx_hal_cortex.o
                0x0000000008000dc2                HAL_NVIC_SetPriority
 .text.HAL_SYSTICK_Config
                0x0000000008000dfa       0x18 Drivers/STM32F1xx_HAL_Driver/Src/stm32f1xx_hal_cortex.o
                0x0000000008000dfa                HAL_SYSTICK_Config
 *fill*         0x0000000008000e12        0x2 
 .text.HAL_SYSTICK_CLKSourceConfig
                0x0000000008000e14       0x38 Drivers/STM32F1xx_HAL_Driver/Src/stm32f1xx_hal_cortex.o
                0x0000000008000e14                HAL_SYSTICK_CLKSourceConfig
 .text.HAL_GPIO_Init
                0x0000000008000e4c      0x2b4 Drivers/STM32F1xx_HAL_Driver/Src/stm32f1xx_hal_gpio.o
                0x0000000008000e4c                HAL_GPIO_Init
 .text.HAL_GPIO_WritePin
                0x0000000008001100       0x30 Drivers/STM32F1xx_HAL_Driver/Src/stm32f1xx_hal_gpio.o
                0x0000000008001100                HAL_GPIO_WritePin
 .text.HAL_I2C_Init
                0x0000000008001130      0x270 Drivers/STM32F1xx_HAL_Driver/Src/stm32f1xx_hal_i2c.o
                0x0000000008001130                HAL_I2C_Init
 .text.HAL_RCC_OscConfig
                0x00000000080013a0      0x500 Drivers/STM32F1xx_HAL_Driver/Src/stm32f1xx_hal_rcc.o
                0x00000000080013a0                HAL_RCC_OscConfig
 .text.HAL_RCC_ClockConfig
                0x00000000080018a0      0x1d4 Drivers/STM32F1xx_HAL_Driver/Src/stm32f1xx_hal_rcc.o
                0x00000000080018a0                HAL_RCC_ClockConfig
 .text.HAL_RCC_GetSysClockFreq
                0x0000000008001a74       0xc4 Drivers/STM32F1xx_HAL_Driver/Src/stm32f1xx_hal_rcc.o
                0x0000000008001a74                HAL_RCC_GetSysClockFreq
 .text.HAL_RCC_GetHCLKFreq
                0x0000000008001b38       0x14 Drivers/STM32F1xx_HAL_Driver/Src/stm32f1xx_hal_rcc.o
                0x0000000008001b38                HAL_RCC_GetHCLKFreq
 .text.HAL_RCC_GetPCLK1Freq
                0x0000000008001b4c       0x28 Drivers/STM32F1xx_HAL_Driver/Src/stm32f1xx_hal_rcc.o
                0x0000000008001b4c                HAL_RCC_GetPCLK1Freq
 .text.HAL_RCC_GetPCLK2Freq
                0x0000000008001b74       0x28 Drivers/STM32F1xx_HAL_Driver/Src/stm32f1xx_hal_rcc.o
                0x0000000008001b74                HAL_RCC_GetPCLK2Freq
 .text.RCC_Delay
                0x0000000008001b9c       0x3c Drivers/STM32F1xx_HAL_Driver/Src/stm32f1xx_hal_rcc.o
 .text.HAL_UART_Init
                0x0000000008001bd8       0x9a Drivers/STM32F1xx_HAL_Driver/Src/stm32f1xx_hal_uart.o
                0x0000000008001bd8                HAL_UART_Init
 *fill*         0x0000000008001c72        0x2 
 .text.UART_SetConfig
                0x0000000008001c74      0x11c Drivers/STM32F1xx_HAL_Driver/Src/stm32f1xx_hal_uart.o
 .text.__libc_init_array
                0x0000000008001d90       0x48 d:/stm32cubeide_1.5.0/stm32cubeide/plugins/com.st.stm32cube.ide.mcu.externaltools.gnu-tools-for-stm32.7-2018-q2-update.win32_1.5.0.202011040924/tools/bin/../lib/gcc/arm-none-eabi/7.3.1/../../../../arm-none-eabi/lib/thumb/v7-m\libc_nano.a(lib_a-init.o)
                0x0000000008001d90                __libc_init_array
 .text.memset   0x0000000008001dd8       0x10 d:/stm32cubeide_1.5.0/stm32cubeide/plugins/com.st.stm32cube.ide.mcu.externaltools.gnu-tools-for-stm32.7-2018-q2-update.win32_1.5.0.202011040924/tools/bin/../lib/gcc/arm-none-eabi/7.3.1/../../../../arm-none-eabi/lib/thumb/v7-m\libc_nano.a(lib_a-memset.o)
                0x0000000008001dd8                memset
 *(.glue_7)
 .glue_7        0x0000000008001de8        0x0 linker stubs
 *(.glue_7t)
 .glue_7t       0x0000000008001de8        0x0 linker stubs
 *(.eh_frame)
 .eh_frame      0x0000000008001de8        0x0 d:/stm32cubeide_1.5.0/stm32cubeide/plugins/com.st.stm32cube.ide.mcu.externaltools.gnu-tools-for-stm32.7-2018-q2-update.win32_1.5.0.202011040924/tools/bin/../lib/gcc/arm-none-eabi/7.3.1/thumb/v7-m/crtbegin.o
 *(.init)
 .init          0x0000000008001de8        0x4 d:/stm32cubeide_1.5.0/stm32cubeide/plugins/com.st.stm32cube.ide.mcu.externaltools.gnu-tools-for-stm32.7-2018-q2-update.win32_1.5.0.202011040924/tools/bin/../lib/gcc/arm-none-eabi/7.3.1/thumb/v7-m/crti.o
                0x0000000008001de8                _init
 .init          0x0000000008001dec        0x8 d:/stm32cubeide_1.5.0/stm32cubeide/plugins/com.st.stm32cube.ide.mcu.externaltools.gnu-tools-for-stm32.7-2018-q2-update.win32_1.5.0.202011040924/tools/bin/../lib/gcc/arm-none-eabi/7.3.1/thumb/v7-m/crtn.o
 *(.fini)
 .fini          0x0000000008001df4        0x4 d:/stm32cubeide_1.5.0/stm32cubeide/plugins/com.st.stm32cube.ide.mcu.externaltools.gnu-tools-for-stm32.7-2018-q2-update.win32_1.5.0.202011040924/tools/bin/../lib/gcc/arm-none-eabi/7.3.1/thumb/v7-m/crti.o
                0x0000000008001df4                _fini
 .fini          0x0000000008001df8        0x8 d:/stm32cubeide_1.5.0/stm32cubeide/plugins/com.st.stm32cube.ide.mcu.externaltools.gnu-tools-for-stm32.7-2018-q2-update.win32_1.5.0.202011040924/tools/bin/../lib/gcc/arm-none-eabi/7.3.1/thumb/v7-m/crtn.o
                0x0000000008001e00                . = ALIGN (0x4)
                0x0000000008001e00                _etext = .

.vfp11_veneer   0x0000000008001e00        0x0
 .vfp11_veneer  0x0000000008001e00        0x0 linker stubs

.v4_bx          0x0000000008001e00        0x0
 .v4_bx         0x0000000008001e00        0x0 linker stubs

.iplt           0x0000000008001e00        0x0
 .iplt          0x0000000008001e00        0x0 d:/stm32cubeide_1.5.0/stm32cubeide/plugins/com.st.stm32cube.ide.mcu.externaltools.gnu-tools-for-stm32.7-2018-q2-update.win32_1.5.0.202011040924/tools/bin/../lib/gcc/arm-none-eabi/7.3.1/thumb/v7-m/crtbegin.o

.rodata         0x0000000008001e00       0x2c
                0x0000000008001e00                . = ALIGN (0x4)
 *(.rodata)
 .rodata        0x0000000008001e00       0x12 Drivers/STM32F1xx_HAL_Driver/Src/stm32f1xx_hal_rcc.o
 *(.rodata*)
 *fill*         0x0000000008001e12        0x2 
 .rodata.AHBPrescTable
                0x0000000008001e14       0x10 Core/Src/system_stm32f1xx.o
                0x0000000008001e14                AHBPrescTable
 .rodata.APBPrescTable
                0x0000000008001e24        0x8 Core/Src/system_stm32f1xx.o
                0x0000000008001e24                APBPrescTable
                0x0000000008001e2c                . = ALIGN (0x4)

.rel.dyn        0x0000000008001e2c        0x0
 .rel.iplt      0x0000000008001e2c        0x0 d:/stm32cubeide_1.5.0/stm32cubeide/plugins/com.st.stm32cube.ide.mcu.externaltools.gnu-tools-for-stm32.7-2018-q2-update.win32_1.5.0.202011040924/tools/bin/../lib/gcc/arm-none-eabi/7.3.1/thumb/v7-m/crtbegin.o

.ARM.extab      0x0000000008001e2c        0x0
                0x0000000008001e2c                . = ALIGN (0x4)
 *(.ARM.extab* .gnu.linkonce.armextab.*)
                0x0000000008001e2c                . = ALIGN (0x4)

.ARM            0x0000000008001e2c        0x0
                0x0000000008001e2c                . = ALIGN (0x4)
                0x0000000008001e2c                __exidx_start = .
 *(.ARM.exidx*)
                0x0000000008001e2c                __exidx_end = .
                0x0000000008001e2c                . = ALIGN (0x4)

.preinit_array  0x0000000008001e2c        0x0
                0x0000000008001e2c                . = ALIGN (0x4)
                0x0000000008001e2c                PROVIDE (__preinit_array_start = .)
 *(.preinit_array*)
                0x0000000008001e2c                PROVIDE (__preinit_array_end = .)
                0x0000000008001e2c                . = ALIGN (0x4)

.init_array     0x0000000008001e2c        0x4
                0x0000000008001e2c                . = ALIGN (0x4)
                0x0000000008001e2c                PROVIDE (__init_array_start = .)
 *(SORT_BY_NAME(.init_array.*))
 *(.init_array*)
 .init_array    0x0000000008001e2c        0x4 d:/stm32cubeide_1.5.0/stm32cubeide/plugins/com.st.stm32cube.ide.mcu.externaltools.gnu-tools-for-stm32.7-2018-q2-update.win32_1.5.0.202011040924/tools/bin/../lib/gcc/arm-none-eabi/7.3.1/thumb/v7-m/crtbegin.o
                0x0000000008001e30                PROVIDE (__init_array_end = .)
                0x0000000008001e30                . = ALIGN (0x4)

.fini_array     0x0000000008001e30        0x4
                0x0000000008001e30                . = ALIGN (0x4)
                [!provide]                        PROVIDE (__fini_array_start = .)
 *(SORT_BY_NAME(.fini_array.*))
 *(.fini_array*)
 .fini_array    0x0000000008001e30        0x4 d:/stm32cubeide_1.5.0/stm32cubeide/plugins/com.st.stm32cube.ide.mcu.externaltools.gnu-tools-for-stm32.7-2018-q2-update.win32_1.5.0.202011040924/tools/bin/../lib/gcc/arm-none-eabi/7.3.1/thumb/v7-m/crtbegin.o
                [!provide]                        PROVIDE (__fini_array_end = .)
                0x0000000008001e34                . = ALIGN (0x4)
                0x0000000008001e34                _sidata = LOADADDR (.data)

.data           0x0000000020000000        0xc load address 0x0000000008001e34
                0x0000000020000000                . = ALIGN (0x4)
                0x0000000020000000                _sdata = .
 *(.data)
 *(.data*)
 .data.SystemCoreClock
                0x0000000020000000        0x4 Core/Src/system_stm32f1xx.o
                0x0000000020000000                SystemCoreClock
 .data.uwTickPrio
                0x0000000020000004        0x4 Drivers/STM32F1xx_HAL_Driver/Src/stm32f1xx_hal.o
                0x0000000020000004                uwTickPrio
 .data.uwTickFreq
                0x0000000020000008        0x1 Drivers/STM32F1xx_HAL_Driver/Src/stm32f1xx_hal.o
                0x0000000020000008                uwTickFreq
 *(.RamFunc)
 *(.RamFunc*)
                0x000000002000000c                . = ALIGN (0x4)
 *fill*         0x0000000020000009        0x3 
                0x000000002000000c                _edata = .

.igot.plt       0x000000002000000c        0x0 load address 0x0000000008001e40
 .igot.plt      0x000000002000000c        0x0 d:/stm32cubeide_1.5.0/stm32cubeide/plugins/com.st.stm32cube.ide.mcu.externaltools.gnu-tools-for-stm32.7-2018-q2-update.win32_1.5.0.202011040924/tools/bin/../lib/gcc/arm-none-eabi/7.3.1/thumb/v7-m/crtbegin.o
                0x000000002000000c                . = ALIGN (0x4)

.bss            0x000000002000000c       0xb8 load address 0x0000000008001e40
                0x000000002000000c                _sbss = .
                0x000000002000000c                __bss_start__ = _sbss
 *(.bss)
 .bss           0x000000002000000c       0x1c d:/stm32cubeide_1.5.0/stm32cubeide/plugins/com.st.stm32cube.ide.mcu.externaltools.gnu-tools-for-stm32.7-2018-q2-update.win32_1.5.0.202011040924/tools/bin/../lib/gcc/arm-none-eabi/7.3.1/thumb/v7-m/crtbegin.o
 *(.bss*)
 .bss.fac_us    0x0000000020000028        0x4 Core/MyCommonLib/src/myLib/drv/commonDrv/mcuDrvs/commonDrv_stm32f1.o
 *(COMMON)
 COMMON         0x000000002000002c       0x54 Core/Src/i2c.o
                0x000000002000002c                hi2c1
 COMMON         0x0000000020000080       0x40 Core/Src/usart.o
                0x0000000020000080                huart2
 COMMON         0x00000000200000c0        0x4 Drivers/STM32F1xx_HAL_Driver/Src/stm32f1xx_hal.o
                0x00000000200000c0                uwTick
                0x00000000200000c4                . = ALIGN (0x4)
                0x00000000200000c4                _ebss = .
                0x00000000200000c4                __bss_end__ = _ebss

._user_heap_stack
                0x00000000200000c4      0x604 load address 0x0000000008001e40
                0x00000000200000c8                . = ALIGN (0x8)
 *fill*         0x00000000200000c4        0x4 
                [!provide]                        PROVIDE (end = .)
                0x00000000200000c8                PROVIDE (_end = .)
                0x00000000200002c8                . = (. + _Min_Heap_Size)
 *fill*         0x00000000200000c8      0x200 
                0x00000000200006c8                . = (. + _Min_Stack_Size)
 *fill*         0x00000000200002c8      0x400 
                0x00000000200006c8                . = ALIGN (0x8)

/DISCARD/
 libc.a(*)
 libm.a(*)
 libgcc.a(*)

.ARM.attributes
                0x0000000000000000       0x29
 *(.ARM.attributes)
 .ARM.attributes
                0x0000000000000000       0x1d d:/stm32cubeide_1.5.0/stm32cubeide/plugins/com.st.stm32cube.ide.mcu.externaltools.gnu-tools-for-stm32.7-2018-q2-update.win32_1.5.0.202011040924/tools/bin/../lib/gcc/arm-none-eabi/7.3.1/thumb/v7-m/crti.o
 .ARM.attributes
                0x000000000000001d       0x2d d:/stm32cubeide_1.5.0/stm32cubeide/plugins/com.st.stm32cube.ide.mcu.externaltools.gnu-tools-for-stm32.7-2018-q2-update.win32_1.5.0.202011040924/tools/bin/../lib/gcc/arm-none-eabi/7.3.1/thumb/v7-m/crtbegin.o
 .ARM.attributes
                0x000000000000004a       0x33 Core/MyCode/mycode.o
 .ARM.attributes
                0x000000000000007d       0x33 Core/MyCommonLib/src/myLib/drv/commonDrv/mcuDrvs/commonDrv_stm32f1.o
 .ARM.attributes
                0x00000000000000b0       0x33 Core/MyCommonLib/src/myLib/service/display/ili9341/mcuDrvs/tftlcd_drv_stm32f1.o
 .ARM.attributes
                0x00000000000000e3       0x33 Core/MyCommonLib/src/myLib/service/display/ili9341/tftlcd.o
 .ARM.attributes
                0x0000000000000116       0x33 Core/Src/gpio.o
 .ARM.attributes
                0x0000000000000149       0x33 Core/Src/i2c.o
 .ARM.attributes
                0x000000000000017c       0x33 Core/Src/main.o
 .ARM.attributes
                0x00000000000001af       0x33 Core/Src/stm32f1xx_hal_msp.o
 .ARM.attributes
                0x00000000000001e2       0x33 Core/Src/stm32f1xx_it.o
 .ARM.attributes
                0x0000000000000215       0x33 Core/Src/system_stm32f1xx.o
 .ARM.attributes
                0x0000000000000248       0x33 Core/Src/usart.o
 .ARM.attributes
                0x000000000000027b       0x21 Core/Startup/startup_stm32f103c8tx.o
 .ARM.attributes
                0x000000000000029c       0x33 Drivers/STM32F1xx_HAL_Driver/Src/stm32f1xx_hal.o
 .ARM.attributes
                0x00000000000002cf       0x33 Drivers/STM32F1xx_HAL_Driver/Src/stm32f1xx_hal_cortex.o
 .ARM.attributes
                0x0000000000000302       0x33 Drivers/STM32F1xx_HAL_Driver/Src/stm32f1xx_hal_gpio.o
 .ARM.attributes
                0x0000000000000335       0x33 Drivers/STM32F1xx_HAL_Driver/Src/stm32f1xx_hal_i2c.o
 .ARM.attributes
                0x0000000000000368       0x33 Drivers/STM32F1xx_HAL_Driver/Src/stm32f1xx_hal_rcc.o
 .ARM.attributes
                0x000000000000039b       0x33 Drivers/STM32F1xx_HAL_Driver/Src/stm32f1xx_hal_uart.o
 .ARM.attributes
                0x00000000000003ce       0x2d d:/stm32cubeide_1.5.0/stm32cubeide/plugins/com.st.stm32cube.ide.mcu.externaltools.gnu-tools-for-stm32.7-2018-q2-update.win32_1.5.0.202011040924/tools/bin/../lib/gcc/arm-none-eabi/7.3.1/../../../../arm-none-eabi/lib/thumb/v7-m\libc_nano.a(lib_a-init.o)
 .ARM.attributes
                0x00000000000003fb       0x2d d:/stm32cubeide_1.5.0/stm32cubeide/plugins/com.st.stm32cube.ide.mcu.externaltools.gnu-tools-for-stm32.7-2018-q2-update.win32_1.5.0.202011040924/tools/bin/../lib/gcc/arm-none-eabi/7.3.1/../../../../arm-none-eabi/lib/thumb/v7-m\libc_nano.a(lib_a-memset.o)
 .ARM.attributes
                0x0000000000000428       0x1d d:/stm32cubeide_1.5.0/stm32cubeide/plugins/com.st.stm32cube.ide.mcu.externaltools.gnu-tools-for-stm32.7-2018-q2-update.win32_1.5.0.202011040924/tools/bin/../lib/gcc/arm-none-eabi/7.3.1/thumb/v7-m/crtn.o
OUTPUT(tftlcd.elf elf32-littlearm)

.debug_info     0x0000000000000000     0xb64a
 .debug_info    0x0000000000000000      0x9a5 Core/MyCode/mycode.o
 .debug_info    0x00000000000009a5      0xf04 Core/MyCommonLib/src/myLib/drv/commonDrv/mcuDrvs/commonDrv_stm32f1.o
 .debug_info    0x00000000000018a9      0xae7 Core/MyCommonLib/src/myLib/service/display/ili9341/mcuDrvs/tftlcd_drv_stm32f1.o
 .debug_info    0x0000000000002390      0xb36 Core/MyCommonLib/src/myLib/service/display/ili9341/tftlcd.o
 .debug_info    0x0000000000002ec6      0x35d Core/Src/gpio.o
 .debug_info    0x0000000000003223      0x842 Core/Src/i2c.o
 .debug_info    0x0000000000003a65     0x1417 Core/Src/main.o
 .debug_info    0x0000000000004e7c      0x2d6 Core/Src/stm32f1xx_hal_msp.o
 .debug_info    0x0000000000005152      0x20a Core/Src/stm32f1xx_it.o
 .debug_info    0x000000000000535c      0x29a Core/Src/system_stm32f1xx.o
 .debug_info    0x00000000000055f6      0x7b3 Core/Src/usart.o
 .debug_info    0x0000000000005da9       0x22 Core/Startup/startup_stm32f103c8tx.o
 .debug_info    0x0000000000005dcb      0x714 Drivers/STM32F1xx_HAL_Driver/Src/stm32f1xx_hal.o
 .debug_info    0x00000000000064df      0xb51 Drivers/STM32F1xx_HAL_Driver/Src/stm32f1xx_hal_cortex.o
 .debug_info    0x0000000000007030      0x69b Drivers/STM32F1xx_HAL_Driver/Src/stm32f1xx_hal_gpio.o
 .debug_info    0x00000000000076cb     0x2555 Drivers/STM32F1xx_HAL_Driver/Src/stm32f1xx_hal_i2c.o
 .debug_info    0x0000000000009c20      0x80f Drivers/STM32F1xx_HAL_Driver/Src/stm32f1xx_hal_rcc.o
 .debug_info    0x000000000000a42f     0x121b Drivers/STM32F1xx_HAL_Driver/Src/stm32f1xx_hal_uart.o

.debug_abbrev   0x0000000000000000     0x1e05
 .debug_abbrev  0x0000000000000000      0x1ad Core/MyCode/mycode.o
 .debug_abbrev  0x00000000000001ad      0x221 Core/MyCommonLib/src/myLib/drv/commonDrv/mcuDrvs/commonDrv_stm32f1.o
 .debug_abbrev  0x00000000000003ce      0x1a2 Core/MyCommonLib/src/myLib/service/display/ili9341/mcuDrvs/tftlcd_drv_stm32f1.o
 .debug_abbrev  0x0000000000000570      0x1dc Core/MyCommonLib/src/myLib/service/display/ili9341/tftlcd.o
 .debug_abbrev  0x000000000000074c      0x134 Core/Src/gpio.o
 .debug_abbrev  0x0000000000000880      0x199 Core/Src/i2c.o
 .debug_abbrev  0x0000000000000a19      0x205 Core/Src/main.o
 .debug_abbrev  0x0000000000000c1e      0x109 Core/Src/stm32f1xx_hal_msp.o
 .debug_abbrev  0x0000000000000d27       0xc6 Core/Src/stm32f1xx_it.o
 .debug_abbrev  0x0000000000000ded      0x134 Core/Src/system_stm32f1xx.o
 .debug_abbrev  0x0000000000000f21      0x199 Core/Src/usart.o
 .debug_abbrev  0x00000000000010ba       0x12 Core/Startup/startup_stm32f103c8tx.o
 .debug_abbrev  0x00000000000010cc      0x1c7 Drivers/STM32F1xx_HAL_Driver/Src/stm32f1xx_hal.o
 .debug_abbrev  0x0000000000001293      0x2d5 Drivers/STM32F1xx_HAL_Driver/Src/stm32f1xx_hal_cortex.o
 .debug_abbrev  0x0000000000001568      0x1c0 Drivers/STM32F1xx_HAL_Driver/Src/stm32f1xx_hal_gpio.o
 .debug_abbrev  0x0000000000001728      0x258 Drivers/STM32F1xx_HAL_Driver/Src/stm32f1xx_hal_i2c.o
 .debug_abbrev  0x0000000000001980      0x243 Drivers/STM32F1xx_HAL_Driver/Src/stm32f1xx_hal_rcc.o
 .debug_abbrev  0x0000000000001bc3      0x242 Drivers/STM32F1xx_HAL_Driver/Src/stm32f1xx_hal_uart.o

.debug_aranges  0x0000000000000000      0xa08
 .debug_aranges
                0x0000000000000000       0x28 Core/MyCode/mycode.o
 .debug_aranges
                0x0000000000000028       0x38 Core/MyCommonLib/src/myLib/drv/commonDrv/mcuDrvs/commonDrv_stm32f1.o
 .debug_aranges
                0x0000000000000060       0x80 Core/MyCommonLib/src/myLib/service/display/ili9341/mcuDrvs/tftlcd_drv_stm32f1.o
 .debug_aranges
                0x00000000000000e0       0x70 Core/MyCommonLib/src/myLib/service/display/ili9341/tftlcd.o
 .debug_aranges
                0x0000000000000150       0x20 Core/Src/gpio.o
 .debug_aranges
                0x0000000000000170       0x30 Core/Src/i2c.o
 .debug_aranges
                0x00000000000001a0       0x30 Core/Src/main.o
 .debug_aranges
                0x00000000000001d0       0x20 Core/Src/stm32f1xx_hal_msp.o
 .debug_aranges
                0x00000000000001f0       0x60 Core/Src/stm32f1xx_it.o
 .debug_aranges
                0x0000000000000250       0x28 Core/Src/system_stm32f1xx.o
 .debug_aranges
                0x0000000000000278       0x30 Core/Src/usart.o
 .debug_aranges
                0x00000000000002a8       0x28 Core/Startup/startup_stm32f103c8tx.o
 .debug_aranges
                0x00000000000002d0       0xe0 Drivers/STM32F1xx_HAL_Driver/Src/stm32f1xx_hal.o
 .debug_aranges
                0x00000000000003b0      0x100 Drivers/STM32F1xx_HAL_Driver/Src/stm32f1xx_hal_cortex.o
 .debug_aranges
                0x00000000000004b0       0x58 Drivers/STM32F1xx_HAL_Driver/Src/stm32f1xx_hal_gpio.o
 .debug_aranges
                0x0000000000000508      0x2a0 Drivers/STM32F1xx_HAL_Driver/Src/stm32f1xx_hal_i2c.o
 .debug_aranges
                0x00000000000007a8       0x90 Drivers/STM32F1xx_HAL_Driver/Src/stm32f1xx_hal_rcc.o
 .debug_aranges
                0x0000000000000838      0x1d0 Drivers/STM32F1xx_HAL_Driver/Src/stm32f1xx_hal_uart.o

.debug_ranges   0x0000000000000000      0x918
 .debug_ranges  0x0000000000000000       0x18 Core/MyCode/mycode.o
 .debug_ranges  0x0000000000000018       0x28 Core/MyCommonLib/src/myLib/drv/commonDrv/mcuDrvs/commonDrv_stm32f1.o
 .debug_ranges  0x0000000000000040       0x70 Core/MyCommonLib/src/myLib/service/display/ili9341/mcuDrvs/tftlcd_drv_stm32f1.o
 .debug_ranges  0x00000000000000b0       0x60 Core/MyCommonLib/src/myLib/service/display/ili9341/tftlcd.o
 .debug_ranges  0x0000000000000110       0x10 Core/Src/gpio.o
 .debug_ranges  0x0000000000000120       0x20 Core/Src/i2c.o
 .debug_ranges  0x0000000000000140       0x20 Core/Src/main.o
 .debug_ranges  0x0000000000000160       0x10 Core/Src/stm32f1xx_hal_msp.o
 .debug_ranges  0x0000000000000170       0x50 Core/Src/stm32f1xx_it.o
 .debug_ranges  0x00000000000001c0       0x18 Core/Src/system_stm32f1xx.o
 .debug_ranges  0x00000000000001d8       0x20 Core/Src/usart.o
 .debug_ranges  0x00000000000001f8       0x20 Core/Startup/startup_stm32f103c8tx.o
 .debug_ranges  0x0000000000000218       0xd0 Drivers/STM32F1xx_HAL_Driver/Src/stm32f1xx_hal.o
 .debug_ranges  0x00000000000002e8       0xf0 Drivers/STM32F1xx_HAL_Driver/Src/stm32f1xx_hal_cortex.o
 .debug_ranges  0x00000000000003d8       0x48 Drivers/STM32F1xx_HAL_Driver/Src/stm32f1xx_hal_gpio.o
 .debug_ranges  0x0000000000000420      0x2b8 Drivers/STM32F1xx_HAL_Driver/Src/stm32f1xx_hal_i2c.o
 .debug_ranges  0x00000000000006d8       0x80 Drivers/STM32F1xx_HAL_Driver/Src/stm32f1xx_hal_rcc.o
 .debug_ranges  0x0000000000000758      0x1c0 Drivers/STM32F1xx_HAL_Driver/Src/stm32f1xx_hal_uart.o

.debug_macro    0x0000000000000000    0x185bb
 .debug_macro   0x0000000000000000      0x413 Core/MyCode/mycode.o
 .debug_macro   0x0000000000000413      0xa5a Core/MyCode/mycode.o
 .debug_macro   0x0000000000000e6d      0x221 Core/MyCode/mycode.o
 .debug_macro   0x000000000000108e       0x2e Core/MyCode/mycode.o
 .debug_macro   0x00000000000010bc       0x22 Core/MyCode/mycode.o
 .debug_macro   0x00000000000010de       0x22 Core/MyCode/mycode.o
 .debug_macro   0x0000000000001100       0x8e Core/MyCode/mycode.o
 .debug_macro   0x000000000000118e       0x51 Core/MyCode/mycode.o
 .debug_macro   0x00000000000011df       0xef Core/MyCode/mycode.o
 .debug_macro   0x00000000000012ce       0x6a Core/MyCode/mycode.o
 .debug_macro   0x0000000000001338      0x1df Core/MyCode/mycode.o
 .debug_macro   0x0000000000001517       0x1c Core/MyCode/mycode.o
 .debug_macro   0x0000000000001533       0x22 Core/MyCode/mycode.o
 .debug_macro   0x0000000000001555       0xc3 Core/MyCode/mycode.o
 .debug_macro   0x0000000000001618      0xd23 Core/MyCode/mycode.o
 .debug_macro   0x000000000000233b     0xe097 Core/MyCode/mycode.o
 .debug_macro   0x00000000000103d2       0x43 Core/MyCode/mycode.o
 .debug_macro   0x0000000000010415     0x3468 Core/MyCode/mycode.o
 .debug_macro   0x000000000001387d      0x174 Core/MyCode/mycode.o
 .debug_macro   0x00000000000139f1       0x5c Core/MyCode/mycode.o
 .debug_macro   0x0000000000013a4d      0x5be Core/MyCode/mycode.o
 .debug_macro   0x000000000001400b      0x289 Core/MyCode/mycode.o
 .debug_macro   0x0000000000014294      0x1cb Core/MyCode/mycode.o
 .debug_macro   0x000000000001445f      0x114 Core/MyCode/mycode.o
 .debug_macro   0x0000000000014573      0x1b2 Core/MyCode/mycode.o
 .debug_macro   0x0000000000014725       0x27 Core/MyCode/mycode.o
 .debug_macro   0x000000000001474c      0x136 Core/MyCode/mycode.o
 .debug_macro   0x0000000000014882      0x1bc Core/MyCode/mycode.o
 .debug_macro   0x0000000000014a3e       0x34 Core/MyCode/mycode.o
 .debug_macro   0x0000000000014a72       0x3c Core/MyCode/mycode.o
 .debug_macro   0x0000000000014aae       0x57 Core/MyCode/mycode.o
 .debug_macro   0x0000000000014b05       0x88 Core/MyCode/mycode.o
 .debug_macro   0x0000000000014b8d      0x241 Core/MyCode/mycode.o
 .debug_macro   0x0000000000014dce      0x287 Core/MyCode/mycode.o
 .debug_macro   0x0000000000015055      0x141 Core/MyCode/mycode.o
 .debug_macro   0x0000000000015196      0x217 Core/MyCode/mycode.o
 .debug_macro   0x00000000000153ad      0x26b Core/MyCode/mycode.o
 .debug_macro   0x0000000000015618       0x83 Core/MyCode/mycode.o
 .debug_macro   0x000000000001569b       0x46 Core/MyCode/mycode.o
 .debug_macro   0x00000000000156e1       0x18 Core/MyCode/mycode.o
 .debug_macro   0x00000000000156f9       0x3c Core/MyCode/mycode.o
 .debug_macro   0x0000000000015735       0x34 Core/MyCode/mycode.o
 .debug_macro   0x0000000000015769       0x16 Core/MyCode/mycode.o
 .debug_macro   0x000000000001577f       0x35 Core/MyCode/mycode.o
 .debug_macro   0x00000000000157b4      0x32a Core/MyCode/mycode.o
 .debug_macro   0x0000000000015ade       0x10 Core/MyCode/mycode.o
 .debug_macro   0x0000000000015aee       0x52 Core/MyCode/mycode.o
 .debug_macro   0x0000000000015b40       0x1f Core/MyCode/mycode.o
 .debug_macro   0x0000000000015b5f       0x43 Core/MyCode/mycode.o
 .debug_macro   0x0000000000015ba2       0x20 Core/MyCode/mycode.o
 .debug_macro   0x0000000000015bc2      0x1a3 Core/MyCode/mycode.o
 .debug_macro   0x0000000000015d65       0x10 Core/MyCode/mycode.o
 .debug_macro   0x0000000000015d75       0x1c Core/MyCode/mycode.o
 .debug_macro   0x0000000000015d91       0x52 Core/MyCode/mycode.o
 .debug_macro   0x0000000000015de3       0x40 Core/MyCode/mycode.o
 .debug_macro   0x0000000000015e23       0x10 Core/MyCode/mycode.o
 .debug_macro   0x0000000000015e33       0x40 Core/MyCode/mycode.o
 .debug_macro   0x0000000000015e73       0xd7 Core/MyCode/mycode.o
 .debug_macro   0x0000000000015f4a       0x1c Core/MyCode/mycode.o
 .debug_macro   0x0000000000015f66       0x3d Core/MyCode/mycode.o
 .debug_macro   0x0000000000015fa3       0x16 Core/MyCode/mycode.o
 .debug_macro   0x0000000000015fb9      0x145 Core/MyCode/mycode.o
 .debug_macro   0x00000000000160fe       0x10 Core/MyCode/mycode.o
 .debug_macro   0x000000000001610e       0x70 Core/MyCode/mycode.o
 .debug_macro   0x000000000001617e       0x3a Core/MyCode/mycode.o
 .debug_macro   0x00000000000161b8      0x33c Core/MyCommonLib/src/myLib/drv/commonDrv/mcuDrvs/commonDrv_stm32f1.o
 .debug_macro   0x00000000000164f4      0x38d Core/MyCommonLib/src/myLib/service/display/ili9341/mcuDrvs/tftlcd_drv_stm32f1.o
 .debug_macro   0x0000000000016881       0x6a Core/MyCommonLib/src/myLib/service/display/ili9341/mcuDrvs/tftlcd_drv_stm32f1.o
 .debug_macro   0x00000000000168eb      0x3ac Core/MyCommonLib/src/myLib/service/display/ili9341/tftlcd.o
 .debug_macro   0x0000000000016c97      0x1b6 Core/Src/gpio.o
 .debug_macro   0x0000000000016e4d      0x1b6 Core/Src/i2c.o
 .debug_macro   0x0000000000017003      0x449 Core/Src/main.o
 .debug_macro   0x000000000001744c      0x1ac Core/Src/stm32f1xx_hal_msp.o
 .debug_macro   0x00000000000175f8      0x1b6 Core/Src/stm32f1xx_it.o
 .debug_macro   0x00000000000177ae      0x1a2 Core/Src/system_stm32f1xx.o
 .debug_macro   0x0000000000017950      0x1b6 Core/Src/usart.o
 .debug_macro   0x0000000000017b06      0x1c6 Drivers/STM32F1xx_HAL_Driver/Src/stm32f1xx_hal.o
 .debug_macro   0x0000000000017ccc      0x1a2 Drivers/STM32F1xx_HAL_Driver/Src/stm32f1xx_hal_cortex.o
 .debug_macro   0x0000000000017e6e      0x20d Drivers/STM32F1xx_HAL_Driver/Src/stm32f1xx_hal_gpio.o
 .debug_macro   0x000000000001807b      0x1e9 Drivers/STM32F1xx_HAL_Driver/Src/stm32f1xx_hal_i2c.o
 .debug_macro   0x0000000000018264      0x1b4 Drivers/STM32F1xx_HAL_Driver/Src/stm32f1xx_hal_rcc.o
 .debug_macro   0x0000000000018418      0x1a3 Drivers/STM32F1xx_HAL_Driver/Src/stm32f1xx_hal_uart.o

.debug_line     0x0000000000000000     0xacf4
 .debug_line    0x0000000000000000      0xb03 Core/MyCode/mycode.o
 .debug_line    0x0000000000000b03      0x9e2 Core/MyCommonLib/src/myLib/drv/commonDrv/mcuDrvs/commonDrv_stm32f1.o
 .debug_line    0x00000000000014e5      0xacf Core/MyCommonLib/src/myLib/service/display/ili9341/mcuDrvs/tftlcd_drv_stm32f1.o
 .debug_line    0x0000000000001fb4      0xb71 Core/MyCommonLib/src/myLib/service/display/ili9341/tftlcd.o
 .debug_line    0x0000000000002b25      0x66c Core/Src/gpio.o
 .debug_line    0x0000000000003191      0x698 Core/Src/i2c.o
 .debug_line    0x0000000000003829      0xb97 Core/Src/main.o
 .debug_line    0x00000000000043c0      0x669 Core/Src/stm32f1xx_hal_msp.o
 .debug_line    0x0000000000004a29      0x710 Core/Src/stm32f1xx_it.o
 .debug_line    0x0000000000005139      0x690 Core/Src/system_stm32f1xx.o
 .debug_line    0x00000000000057c9      0x69e Core/Src/usart.o
 .debug_line    0x0000000000005e67       0x84 Core/Startup/startup_stm32f103c8tx.o
 .debug_line    0x0000000000005eeb      0x843 Drivers/STM32F1xx_HAL_Driver/Src/stm32f1xx_hal.o
 .debug_line    0x000000000000672e      0x91a Drivers/STM32F1xx_HAL_Driver/Src/stm32f1xx_hal_cortex.o
 .debug_line    0x0000000000007048      0x83f Drivers/STM32F1xx_HAL_Driver/Src/stm32f1xx_hal_gpio.o
 .debug_line    0x0000000000007887     0x1be9 Drivers/STM32F1xx_HAL_Driver/Src/stm32f1xx_hal_i2c.o
 .debug_line    0x0000000000009470      0x903 Drivers/STM32F1xx_HAL_Driver/Src/stm32f1xx_hal_rcc.o
 .debug_line    0x0000000000009d73      0xf81 Drivers/STM32F1xx_HAL_Driver/Src/stm32f1xx_hal_uart.o

.debug_str      0x0000000000000000    0x85bde
 .debug_str     0x0000000000000000    0x82f0c Core/MyCode/mycode.o
                                      0x832ac (size before relaxing)
 .debug_str     0x0000000000082f0c      0x3fc Core/MyCommonLib/src/myLib/drv/commonDrv/mcuDrvs/commonDrv_stm32f1.o
                                      0x83481 (size before relaxing)
 .debug_str     0x0000000000083308      0x188 Core/MyCommonLib/src/myLib/service/display/ili9341/mcuDrvs/tftlcd_drv_stm32f1.o
                                      0x8334e (size before relaxing)
 .debug_str     0x0000000000083490       0xe3 Core/MyCommonLib/src/myLib/service/display/ili9341/tftlcd.o
                                      0x83344 (size before relaxing)
 .debug_str     0x0000000000083573       0xb9 Core/Src/gpio.o
                                      0x7efee (size before relaxing)
 .debug_str     0x000000000008362c      0x2a8 Core/Src/i2c.o
                                      0x7f479 (size before relaxing)
 .debug_str     0x00000000000838d4      0x2e7 Core/Src/main.o
                                      0x83bda (size before relaxing)
 .debug_str     0x0000000000083bbb       0x5a Core/Src/stm32f1xx_hal_msp.o
                                      0x7efa4 (size before relaxing)
 .debug_str     0x0000000000083c15       0xbd Core/Src/stm32f1xx_it.o
                                      0x7efc1 (size before relaxing)
 .debug_str     0x0000000000083cd2       0x52 Core/Src/system_stm32f1xx.o
                                      0x7ef91 (size before relaxing)
 .debug_str     0x0000000000083d24       0x57 Core/Src/usart.o
                                      0x7f3b9 (size before relaxing)
 .debug_str     0x0000000000083d7b       0x36 Core/Startup/startup_stm32f103c8tx.o
                                         0x5c (size before relaxing)
 .debug_str     0x0000000000083db1      0x550 Drivers/STM32F1xx_HAL_Driver/Src/stm32f1xx_hal.o
                                      0x7f622 (size before relaxing)
 .debug_str     0x0000000000084301      0x2fa Drivers/STM32F1xx_HAL_Driver/Src/stm32f1xx_hal_cortex.o
                                      0x7f62a (size before relaxing)
 .debug_str     0x00000000000845fb      0x324 Drivers/STM32F1xx_HAL_Driver/Src/stm32f1xx_hal_gpio.o
                                      0x7f355 (size before relaxing)
 .debug_str     0x000000000008491f      0xb51 Drivers/STM32F1xx_HAL_Driver/Src/stm32f1xx_hal_i2c.o
                                      0x7ffcd (size before relaxing)
 .debug_str     0x0000000000085470      0x244 Drivers/STM32F1xx_HAL_Driver/Src/stm32f1xx_hal_rcc.o
                                      0x7f38e (size before relaxing)
 .debug_str     0x00000000000856b4      0x52a Drivers/STM32F1xx_HAL_Driver/Src/stm32f1xx_hal_uart.o
                                      0x7f894 (size before relaxing)

.comment        0x0000000000000000       0x7b
 .comment       0x0000000000000000       0x7b Core/MyCode/mycode.o
                                         0x7c (size before relaxing)
 .comment       0x000000000000007b       0x7c Core/MyCommonLib/src/myLib/drv/commonDrv/mcuDrvs/commonDrv_stm32f1.o
 .comment       0x000000000000007b       0x7c Core/MyCommonLib/src/myLib/service/display/ili9341/mcuDrvs/tftlcd_drv_stm32f1.o
 .comment       0x000000000000007b       0x7c Core/MyCommonLib/src/myLib/service/display/ili9341/tftlcd.o
 .comment       0x000000000000007b       0x7c Core/Src/gpio.o
 .comment       0x000000000000007b       0x7c Core/Src/i2c.o
 .comment       0x000000000000007b       0x7c Core/Src/main.o
 .comment       0x000000000000007b       0x7c Core/Src/stm32f1xx_hal_msp.o
 .comment       0x000000000000007b       0x7c Core/Src/stm32f1xx_it.o
 .comment       0x000000000000007b       0x7c Core/Src/system_stm32f1xx.o
 .comment       0x000000000000007b       0x7c Core/Src/usart.o
 .comment       0x000000000000007b       0x7c Drivers/STM32F1xx_HAL_Driver/Src/stm32f1xx_hal.o
 .comment       0x000000000000007b       0x7c Drivers/STM32F1xx_HAL_Driver/Src/stm32f1xx_hal_cortex.o
 .comment       0x000000000000007b       0x7c Drivers/STM32F1xx_HAL_Driver/Src/stm32f1xx_hal_gpio.o
 .comment       0x000000000000007b       0x7c Drivers/STM32F1xx_HAL_Driver/Src/stm32f1xx_hal_i2c.o
 .comment       0x000000000000007b       0x7c Drivers/STM32F1xx_HAL_Driver/Src/stm32f1xx_hal_rcc.o
 .comment       0x000000000000007b       0x7c Drivers/STM32F1xx_HAL_Driver/Src/stm32f1xx_hal_uart.o

.debug_frame    0x0000000000000000     0x26d8
 .debug_frame   0x0000000000000000       0x4c Core/MyCode/mycode.o
 .debug_frame   0x000000000000004c       0xa4 Core/MyCommonLib/src/myLib/drv/commonDrv/mcuDrvs/commonDrv_stm32f1.o
 .debug_frame   0x00000000000000f0      0x1b0 Core/MyCommonLib/src/myLib/service/display/ili9341/mcuDrvs/tftlcd_drv_stm32f1.o
 .debug_frame   0x00000000000002a0      0x188 Core/MyCommonLib/src/myLib/service/display/ili9341/tftlcd.o
 .debug_frame   0x0000000000000428       0x34 Core/Src/gpio.o
 .debug_frame   0x000000000000045c       0x74 Core/Src/i2c.o
 .debug_frame   0x00000000000004d0       0x68 Core/Src/main.o
 .debug_frame   0x0000000000000538       0x38 Core/Src/stm32f1xx_hal_msp.o
 .debug_frame   0x0000000000000570      0x104 Core/Src/stm32f1xx_it.o
 .debug_frame   0x0000000000000674       0x58 Core/Src/system_stm32f1xx.o
 .debug_frame   0x00000000000006cc       0x74 Core/Src/usart.o
 .debug_frame   0x0000000000000740      0x334 Drivers/STM32F1xx_HAL_Driver/Src/stm32f1xx_hal.o
 .debug_frame   0x0000000000000a74      0x428 Drivers/STM32F1xx_HAL_Driver/Src/stm32f1xx_hal_cortex.o
 .debug_frame   0x0000000000000e9c      0x14c Drivers/STM32F1xx_HAL_Driver/Src/stm32f1xx_hal_gpio.o
 .debug_frame   0x0000000000000fe8      0xc54 Drivers/STM32F1xx_HAL_Driver/Src/stm32f1xx_hal_i2c.o
 .debug_frame   0x0000000000001c3c      0x21c Drivers/STM32F1xx_HAL_Driver/Src/stm32f1xx_hal_rcc.o
 .debug_frame   0x0000000000001e58      0x834 Drivers/STM32F1xx_HAL_Driver/Src/stm32f1xx_hal_uart.o
 .debug_frame   0x000000000000268c       0x2c d:/stm32cubeide_1.5.0/stm32cubeide/plugins/com.st.stm32cube.ide.mcu.externaltools.gnu-tools-for-stm32.7-2018-q2-update.win32_1.5.0.202011040924/tools/bin/../lib/gcc/arm-none-eabi/7.3.1/../../../../arm-none-eabi/lib/thumb/v7-m\libc_nano.a(lib_a-init.o)
 .debug_frame   0x00000000000026b8       0x20 d:/stm32cubeide_1.5.0/stm32cubeide/plugins/com.st.stm32cube.ide.mcu.externaltools.gnu-tools-for-stm32.7-2018-q2-update.win32_1.5.0.202011040924/tools/bin/../lib/gcc/arm-none-eabi/7.3.1/../../../../arm-none-eabi/lib/thumb/v7-m\libc_nano.a(lib_a-memset.o)
