Archive member included to satisfy reference by file (symbol)

d:/stm32cubeide_1.5.0/stm32cubeide/plugins/com.st.stm32cube.ide.mcu.externaltools.gnu-tools-for-stm32.7-2018-q2-update.win32_1.5.0.202011040924/tools/bin/../lib/gcc/arm-none-eabi/7.3.1/../../../../arm-none-eabi/lib/thumb/v7-m\libc_nano.a(lib_a-errno.o)
                              Core/Src/syscalls.o (__errno)
d:/stm32cubeide_1.5.0/stm32cubeide/plugins/com.st.stm32cube.ide.mcu.externaltools.gnu-tools-for-stm32.7-2018-q2-update.win32_1.5.0.202011040924/tools/bin/../lib/gcc/arm-none-eabi/7.3.1/../../../../arm-none-eabi/lib/thumb/v7-m\libc_nano.a(lib_a-exit.o)
                              d:/stm32cubeide_1.5.0/stm32cubeide/plugins/com.st.stm32cube.ide.mcu.externaltools.gnu-tools-for-stm32.7-2018-q2-update.win32_1.5.0.202011040924/tools/bin/../lib/gcc/arm-none-eabi/7.3.1/../../../../arm-none-eabi/lib/thumb/v7-m/crt0.o (exit)
d:/stm32cubeide_1.5.0/stm32cubeide/plugins/com.st.stm32cube.ide.mcu.externaltools.gnu-tools-for-stm32.7-2018-q2-update.win32_1.5.0.202011040924/tools/bin/../lib/gcc/arm-none-eabi/7.3.1/../../../../arm-none-eabi/lib/thumb/v7-m\libc_nano.a(lib_a-impure.o)
                              d:/stm32cubeide_1.5.0/stm32cubeide/plugins/com.st.stm32cube.ide.mcu.externaltools.gnu-tools-for-stm32.7-2018-q2-update.win32_1.5.0.202011040924/tools/bin/../lib/gcc/arm-none-eabi/7.3.1/../../../../arm-none-eabi/lib/thumb/v7-m\libc_nano.a(lib_a-exit.o) (_global_impure_ptr)
d:/stm32cubeide_1.5.0/stm32cubeide/plugins/com.st.stm32cube.ide.mcu.externaltools.gnu-tools-for-stm32.7-2018-q2-update.win32_1.5.0.202011040924/tools/bin/../lib/gcc/arm-none-eabi/7.3.1/../../../../arm-none-eabi/lib/thumb/v7-m\libc_nano.a(lib_a-init.o)
                              d:/stm32cubeide_1.5.0/stm32cubeide/plugins/com.st.stm32cube.ide.mcu.externaltools.gnu-tools-for-stm32.7-2018-q2-update.win32_1.5.0.202011040924/tools/bin/../lib/gcc/arm-none-eabi/7.3.1/../../../../arm-none-eabi/lib/thumb/v7-m/crt0.o (__libc_init_array)
d:/stm32cubeide_1.5.0/stm32cubeide/plugins/com.st.stm32cube.ide.mcu.externaltools.gnu-tools-for-stm32.7-2018-q2-update.win32_1.5.0.202011040924/tools/bin/../lib/gcc/arm-none-eabi/7.3.1/../../../../arm-none-eabi/lib/thumb/v7-m\libc_nano.a(lib_a-memset.o)
                              d:/stm32cubeide_1.5.0/stm32cubeide/plugins/com.st.stm32cube.ide.mcu.externaltools.gnu-tools-for-stm32.7-2018-q2-update.win32_1.5.0.202011040924/tools/bin/../lib/gcc/arm-none-eabi/7.3.1/../../../../arm-none-eabi/lib/thumb/v7-m/crt0.o (memset)

Allocating common symbols
Common symbol       size              file

hspi2               0x58              Core/Src/spi.o
hi2c1               0x54              Core/Src/i2c.o
uwTick              0x4               Drivers/STM32F1xx_HAL_Driver/Src/stm32f1xx_hal.o
pFlash              0x20              Drivers/STM32F1xx_HAL_Driver/Src/stm32f1xx_hal_flash.o
huart2              0x40              Core/Src/usart.o

Discarded input sections

 .text          0x0000000000000000        0x0 d:/stm32cubeide_1.5.0/stm32cubeide/plugins/com.st.stm32cube.ide.mcu.externaltools.gnu-tools-for-stm32.7-2018-q2-update.win32_1.5.0.202011040924/tools/bin/../lib/gcc/arm-none-eabi/7.3.1/thumb/v7-m/crti.o
 .data          0x0000000000000000        0x0 d:/stm32cubeide_1.5.0/stm32cubeide/plugins/com.st.stm32cube.ide.mcu.externaltools.gnu-tools-for-stm32.7-2018-q2-update.win32_1.5.0.202011040924/tools/bin/../lib/gcc/arm-none-eabi/7.3.1/thumb/v7-m/crti.o
 .bss           0x0000000000000000        0x0 d:/stm32cubeide_1.5.0/stm32cubeide/plugins/com.st.stm32cube.ide.mcu.externaltools.gnu-tools-for-stm32.7-2018-q2-update.win32_1.5.0.202011040924/tools/bin/../lib/gcc/arm-none-eabi/7.3.1/thumb/v7-m/crti.o
 .data          0x0000000000000000        0x4 d:/stm32cubeide_1.5.0/stm32cubeide/plugins/com.st.stm32cube.ide.mcu.externaltools.gnu-tools-for-stm32.7-2018-q2-update.win32_1.5.0.202011040924/tools/bin/../lib/gcc/arm-none-eabi/7.3.1/thumb/v7-m/crtbegin.o
 .text          0x0000000000000000       0x74 d:/stm32cubeide_1.5.0/stm32cubeide/plugins/com.st.stm32cube.ide.mcu.externaltools.gnu-tools-for-stm32.7-2018-q2-update.win32_1.5.0.202011040924/tools/bin/../lib/gcc/arm-none-eabi/7.3.1/../../../../arm-none-eabi/lib/thumb/v7-m/crt0.o
 .data          0x0000000000000000        0x0 d:/stm32cubeide_1.5.0/stm32cubeide/plugins/com.st.stm32cube.ide.mcu.externaltools.gnu-tools-for-stm32.7-2018-q2-update.win32_1.5.0.202011040924/tools/bin/../lib/gcc/arm-none-eabi/7.3.1/../../../../arm-none-eabi/lib/thumb/v7-m/crt0.o
 .bss           0x0000000000000000        0x0 d:/stm32cubeide_1.5.0/stm32cubeide/plugins/com.st.stm32cube.ide.mcu.externaltools.gnu-tools-for-stm32.7-2018-q2-update.win32_1.5.0.202011040924/tools/bin/../lib/gcc/arm-none-eabi/7.3.1/../../../../arm-none-eabi/lib/thumb/v7-m/crt0.o
[...]
Memory Configuration

Name             Origin             Length             Attributes
RAM              0x0000000020000000 0x0000000000005000 xrw
FLASH            0x0000000008000000 0x0000000000010000 xr
*default*        0x0000000000000000 0xffffffffffffffff

Linker script and memory map

LOAD d:/stm32cubeide_1.5.0/stm32cubeide/plugins/com.st.stm32cube.ide.mcu.externaltools.gnu-tools-for-stm32.7-2018-q2-update.win32_1.5.0.202011040924/tools/bin/../lib/gcc/arm-none-eabi/7.3.1/thumb/v7-m/crti.o
LOAD d:/stm32cubeide_1.5.0/stm32cubeide/plugins/com.st.stm32cube.ide.mcu.externaltools.gnu-tools-for-stm32.7-2018-q2-update.win32_1.5.0.202011040924/tools/bin/../lib/gcc/arm-none-eabi/7.3.1/thumb/v7-m/crtbegin.o
LOAD d:/stm32cubeide_1.5.0/stm32cubeide/plugins/com.st.stm32cube.ide.mcu.externaltools.gnu-tools-for-stm32.7-2018-q2-update.win32_1.5.0.202011040924/tools/bin/../lib/gcc/arm-none-eabi/7.3.1/../../../../arm-none-eabi/lib/thumb/v7-m/crt0.o
LOAD Core/MyCode/mycode.o
LOAD Core/MyCommonLib/Demo/SrcDemo/keypadsrc.o
LOAD Core/MyCommonLib/src/myLib/drv/commonDrv/mcuDrvs/commonDrv_stm32f1.o
LOAD Core/MyCommonLib/src/myLib/drv/commonDrv/mcuDrvs/commonDrv_stm32h7.o
LOAD Core/MyCommonLib/src/myLib/drv/iic/mcuDrvs/iic_stm32f1.o
LOAD Core/MyCommonLib/src/myLib/drv/iic/mcuDrvs/iic_stm32h7.o
LOAD Core/MyCommonLib/src/myLib/drv/spi/mcuDrvs/spi_stm32f1.o
LOAD Core/MyCommonLib/src/myLib/drv/spi/mcuDrvs/spi_stm32h7.o
LOAD Core/MyCommonLib/src/myLib/drv/uart/mcuDrvs/uart_stm32f1.o
LOAD Core/MyCommonLib/src/myLib/drv/uart/mcuDrvs/uart_stm32h7.o
LOAD Core/MyCommonLib/src/myLib/service/display/ili9341/mcuDrvs/tftlcd_drv_stm32f1.o
LOAD Core/MyCommonLib/src/myLib/service/display/ili9341/mcuDrvs/tftlcd_drv_stm32h7.o
LOAD Core/MyCommonLib/src/myLib/service/display/ili9341/tftlcd.o
LOAD Core/MyCommonLib/src/myLib/service/input/keypad/keypad.o
LOAD Core/MyCommonLib/src/myLib/service/input/keypad/mcuDrvs/keypad_drv_stm32f1.o
LOAD Core/MyCommonLib/src/myLib/service/input/keypad/mcuDrvs/keypad_drv_stm32h7.o
LOAD Core/Src/gpio.o
LOAD Core/Src/i2c.o
LOAD Core/Src/main.o
LOAD Core/Src/spi.o
LOAD Core/Src/stm32f1xx_hal_msp.o
LOAD Core/Src/stm32f1xx_it.o
LOAD Core/Src/syscalls.o
LOAD Core/Src/sysmem.o
LOAD Core/Src/system_stm32f1xx.o
LOAD Core/Src/usart.o
LOAD Core/Startup/startup_stm32f103c8tx.o
LOAD Drivers/STM32F1xx_HAL_Driver/Src/stm32f1xx_hal.o
LOAD Drivers/STM32F1xx_HAL_Driver/Src/stm32f1xx_hal_cortex.o
LOAD Drivers/STM32F1xx_HAL_Driver/Src/stm32f1xx_hal_dma.o
LOAD Drivers/STM32F1xx_HAL_Driver/Src/stm32f1xx_hal_exti.o
LOAD Drivers/STM32F1xx_HAL_Driver/Src/stm32f1xx_hal_flash.o
LOAD Drivers/STM32F1xx_HAL_Driver/Src/stm32f1xx_hal_flash_ex.o
LOAD Drivers/STM32F1xx_HAL_Driver/Src/stm32f1xx_hal_gpio.o
LOAD Drivers/STM32F1xx_HAL_Driver/Src/stm32f1xx_hal_gpio_ex.o
LOAD Drivers/STM32F1xx_HAL_Driver/Src/stm32f1xx_hal_i2c.o
LOAD Drivers/STM32F1xx_HAL_Driver/Src/stm32f1xx_hal_pwr.o
LOAD Drivers/STM32F1xx_HAL_Driver/Src/stm32f1xx_hal_rcc.o
LOAD Drivers/STM32F1xx_HAL_Driver/Src/stm32f1xx_hal_rcc_ex.o
LOAD Drivers/STM32F1xx_HAL_Driver/Src/stm32f1xx_hal_spi.o
LOAD Drivers/STM32F1xx_HAL_Driver/Src/stm32f1xx_hal_tim.o
LOAD Drivers/STM32F1xx_HAL_Driver/Src/stm32f1xx_hal_tim_ex.o
LOAD Drivers/STM32F1xx_HAL_Driver/Src/stm32f1xx_hal_uart.o
START GROUP
LOAD d:/stm32cubeide_1.5.0/stm32cubeide/plugins/com.st.stm32cube.ide.mcu.externaltools.gnu-tools-for-stm32.7-2018-q2-update.win32_1.5.0.202011040924/tools/bin/../lib/gcc/arm-none-eabi/7.3.1/../../../../arm-none-eabi/lib/thumb/v7-m\libc_nano.a
LOAD d:/stm32cubeide_1.5.0/stm32cubeide/plugins/com.st.stm32cube.ide.mcu.externaltools.gnu-tools-for-stm32.7-2018-q2-update.win32_1.5.0.202011040924/tools/bin/../lib/gcc/arm-none-eabi/7.3.1/../../../../arm-none-eabi/lib/thumb/v7-m\libm.a
END GROUP
START GROUP
LOAD d:/stm32cubeide_1.5.0/stm32cubeide/plugins/com.st.stm32cube.ide.mcu.externaltools.gnu-tools-for-stm32.7-2018-q2-update.win32_1.5.0.202011040924/tools/bin/../lib/gcc/arm-none-eabi/7.3.1/thumb/v7-m\libgcc.a
LOAD d:/stm32cubeide_1.5.0/stm32cubeide/plugins/com.st.stm32cube.ide.mcu.externaltools.gnu-tools-for-stm32.7-2018-q2-update.win32_1.5.0.202011040924/tools/bin/../lib/gcc/arm-none-eabi/7.3.1/../../../../arm-none-eabi/lib/thumb/v7-m\libc_nano.a
END GROUP
START GROUP
LOAD d:/stm32cubeide_1.5.0/stm32cubeide/plugins/com.st.stm32cube.ide.mcu.externaltools.gnu-tools-for-stm32.7-2018-q2-update.win32_1.5.0.202011040924/tools/bin/../lib/gcc/arm-none-eabi/7.3.1/thumb/v7-m\libgcc.a
LOAD d:/stm32cubeide_1.5.0/stm32cubeide/plugins/com.st.stm32cube.ide.mcu.externaltools.gnu-tools-for-stm32.7-2018-q2-update.win32_1.5.0.202011040924/tools/bin/../lib/gcc/arm-none-eabi/7.3.1/../../../../arm-none-eabi/lib/thumb/v7-m\libc_nano.a
LOAD d:/stm32cubeide_1.5.0/stm32cubeide/plugins/com.st.stm32cube.ide.mcu.externaltools.gnu-tools-for-stm32.7-2018-q2-update.win32_1.5.0.202011040924/tools/bin/../lib/gcc/arm-none-eabi/7.3.1/../../../../arm-none-eabi/lib/thumb/v7-m\libnosys.a
END GROUP
START GROUP
LOAD d:/stm32cubeide_1.5.0/stm32cubeide/plugins/com.st.stm32cube.ide.mcu.externaltools.gnu-tools-for-stm32.7-2018-q2-update.win32_1.5.0.202011040924/tools/bin/../lib/gcc/arm-none-eabi/7.3.1/thumb/v7-m\libgcc.a
LOAD d:/stm32cubeide_1.5.0/stm32cubeide/plugins/com.st.stm32cube.ide.mcu.externaltools.gnu-tools-for-stm32.7-2018-q2-update.win32_1.5.0.202011040924/tools/bin/../lib/gcc/arm-none-eabi/7.3.1/../../../../arm-none-eabi/lib/thumb/v7-m\libc_nano.a
LOAD d:/stm32cubeide_1.5.0/stm32cubeide/plugins/com.st.stm32cube.ide.mcu.externaltools.gnu-tools-for-stm32.7-2018-q2-update.win32_1.5.0.202011040924/tools/bin/../lib/gcc/arm-none-eabi/7.3.1/../../../../arm-none-eabi/lib/thumb/v7-m\libnosys.a
END GROUP
LOAD d:/stm32cubeide_1.5.0/stm32cubeide/plugins/com.st.stm32cube.ide.mcu.externaltools.gnu-tools-for-stm32.7-2018-q2-update.win32_1.5.0.202011040924/tools/bin/../lib/gcc/arm-none-eabi/7.3.1/thumb/v7-m/crtend.o
LOAD d:/stm32cubeide_1.5.0/stm32cubeide/plugins/com.st.stm32cube.ide.mcu.externaltools.gnu-tools-for-stm32.7-2018-q2-update.win32_1.5.0.202011040924/tools/bin/../lib/gcc/arm-none-eabi/7.3.1/thumb/v7-m/crtn.o
                0x0000000020005000                _estack = (ORIGIN (RAM) + LENGTH (RAM))
                0x0000000000000200                _Min_Heap_Size = 0x200
                0x0000000000000400                _Min_Stack_Size = 0x400

.isr_vector     0x0000000008000000      0x10c
                0x0000000008000000                . = ALIGN (0x4)
 *(.isr_vector)
 .isr_vector    0x0000000008000000      0x10c Core/Startup/startup_stm32f103c8tx.o
                0x0000000008000000                g_pfnVectors
                0x000000000800010c                . = ALIGN (0x4)

.text           0x000000000800010c     0x2260
                0x000000000800010c                . = ALIGN (0x4)
 *(.text)
 .text          0x000000000800010c       0x40 d:/stm32cubeide_1.5.0/stm32cubeide/plugins/com.st.stm32cube.ide.mcu.externaltools.gnu-tools-for-stm32.7-2018-q2-update.win32_1.5.0.202011040924/tools/bin/../lib/gcc/arm-none-eabi/7.3.1/thumb/v7-m/crtbegin.o
 *(.text*)
 .text.mylogic  0x000000000800014c        0xa Core/MyCode/mycode.o
                0x000000000800014c                mylogic
 *fill*         0x0000000008000156        0x2 
 .text.myDelayUS
                0x0000000008000158       0x7c Core/MyCommonLib/src/myLib/drv/commonDrv/mcuDrvs/commonDrv_stm32f1.o
                0x0000000008000158                myDelayUS
 .text.myDelayMS
                0x00000000080001d4       0x2e Core/MyCommonLib/src/myLib/drv/commonDrv/mcuDrvs/commonDrv_stm32f1.o
                0x00000000080001d4                myDelayMS
 *fill*         0x0000000008000202        0x2 
 .text.myDelayInit
                0x0000000008000204       0x24 Core/MyCommonLib/src/myLib/drv/commonDrv/mcuDrvs/commonDrv_stm32f1.o
                0x0000000008000204                myDelayInit
 .text.spiTransmit
                0x0000000008000228       0x24 Core/MyCommonLib/src/myLib/drv/spi/mcuDrvs/spi_stm32f1.o
                0x0000000008000228                spiTransmit
 .text.LCD_setCS
                0x000000000800024c       0x18 Core/MyCommonLib/src/myLib/service/display/ili9341/mcuDrvs/tftlcd_drv_stm32f1.o
                0x000000000800024c                LCD_setCS
 .text.LCD_setRS
                0x0000000008000264       0x18 Core/MyCommonLib/src/myLib/service/display/ili9341/mcuDrvs/tftlcd_drv_stm32f1.o
                0x0000000008000264                LCD_setRS
 .text.LCD_setRST
                0x000000000800027c       0x18 Core/MyCommonLib/src/myLib/service/display/ili9341/mcuDrvs/tftlcd_drv_stm32f1.o
                0x000000000800027c                LCD_setRST
 .text.LCD_setLED
                0x0000000008000294       0x18 Core/MyCommonLib/src/myLib/service/display/ili9341/mcuDrvs/tftlcd_drv_stm32f1.o
                0x0000000008000294                LCD_setLED
 .text.LCD_resetCS
                0x00000000080002ac       0x18 Core/MyCommonLib/src/myLib/service/display/ili9341/mcuDrvs/tftlcd_drv_stm32f1.o
                0x00000000080002ac                LCD_resetCS
 .text.LCD_resetRS
                0x00000000080002c4       0x18 Core/MyCommonLib/src/myLib/service/display/ili9341/mcuDrvs/tftlcd_drv_stm32f1.o
                0x00000000080002c4                LCD_resetRS
 .text.LCD_resetRST
                0x00000000080002dc       0x18 Core/MyCommonLib/src/myLib/service/display/ili9341/mcuDrvs/tftlcd_drv_stm32f1.o
                0x00000000080002dc                LCD_resetRST
 .text.LCD_resetLED
                0x00000000080002f4       0x18 Core/MyCommonLib/src/myLib/service/display/ili9341/mcuDrvs/tftlcd_drv_stm32f1.o
                0x00000000080002f4                LCD_resetLED
 .text.LCD_Init
                0x000000000800030c      0x210 Core/MyCommonLib/src/myLib/service/display/ili9341/tftlcd.o
                0x000000000800030c                LCD_Init
 .text.LCD_Write_spi
                0x000000000800051c       0x1c Core/MyCommonLib/src/myLib/service/display/ili9341/tftlcd.o
                0x000000000800051c                LCD_Write_spi
 .text.LCD_WriteIndex
                0x0000000008000538       0x26 Core/MyCommonLib/src/myLib/service/display/ili9341/tftlcd.o
                0x0000000008000538                LCD_WriteIndex
 .text.LCD_WriteData8Bit
                0x000000000800055e       0x26 Core/MyCommonLib/src/myLib/service/display/ili9341/tftlcd.o
                0x000000000800055e                LCD_WriteData8Bit
 .text.LCD_WriteData16Bit
                0x0000000008000584       0x2a Core/MyCommonLib/src/myLib/service/display/ili9341/tftlcd.o
                0x0000000008000584                LCD_WriteData16Bit
 .text.LCD_Reset
                0x00000000080005ae       0x1c Core/MyCommonLib/src/myLib/service/display/ili9341/tftlcd.o
                0x00000000080005ae                LCD_Reset
 .text.LCD_Clear
                0x00000000080005ca       0x48 Core/MyCommonLib/src/myLib/service/display/ili9341/tftlcd.o
                0x00000000080005ca                LCD_Clear
 .text.LCD_SetRegion
                0x0000000008000612       0x58 Core/MyCommonLib/src/myLib/service/display/ili9341/tftlcd.o
                0x0000000008000612                LCD_SetRegion
 .text.Color_Test
                0x000000000800066a       0x7a Core/MyCommonLib/src/myLib/service/display/ili9341/tftlcd.o
                0x000000000800066a                Color_Test
 .text.Test_Demo
                0x00000000080006e4       0x20 Core/MyCommonLib/src/myLib/service/display/ili9341/tftlcd.o
                0x00000000080006e4                Test_Demo
 .text.MX_GPIO_Init
                0x0000000008000704       0x98 Core/Src/gpio.o
                0x0000000008000704                MX_GPIO_Init
 .text.MX_I2C1_Init
                0x000000000800079c       0x5c Core/Src/i2c.o
                0x000000000800079c                MX_I2C1_Init
 .text.HAL_I2C_MspInit
                0x00000000080007f8       0x7c Core/Src/i2c.o
                0x00000000080007f8                HAL_I2C_MspInit
 .text.main     0x0000000008000874       0x28 Core/Src/main.o
                0x0000000008000874                main
 .text.SystemClock_Config
                0x000000000800089c       0x8a Core/Src/main.o
                0x000000000800089c                SystemClock_Config
 .text.Error_Handler
                0x0000000008000926        0x8 Core/Src/main.o
                0x0000000008000926                Error_Handler
 *fill*         0x000000000800092e        0x2 
 .text.MX_SPI2_Init
                0x0000000008000930       0x6c Core/Src/spi.o
                0x0000000008000930                MX_SPI2_Init
 .text.HAL_SPI_MspInit
                0x000000000800099c       0x98 Core/Src/spi.o
                0x000000000800099c                HAL_SPI_MspInit
 .text.HAL_MspInit
                0x0000000008000a34       0x64 Core/Src/stm32f1xx_hal_msp.o
                0x0000000008000a34                HAL_MspInit
 .text.NMI_Handler
                0x0000000008000a98        0x6 Core/Src/stm32f1xx_it.o
                0x0000000008000a98                NMI_Handler
 .text.HardFault_Handler
                0x0000000008000a9e        0x6 Core/Src/stm32f1xx_it.o
                0x0000000008000a9e                HardFault_Handler
 .text.MemManage_Handler
                0x0000000008000aa4        0x6 Core/Src/stm32f1xx_it.o
                0x0000000008000aa4                MemManage_Handler
 .text.BusFault_Handler
                0x0000000008000aaa        0x6 Core/Src/stm32f1xx_it.o
                0x0000000008000aaa                BusFault_Handler
 .text.UsageFault_Handler
                0x0000000008000ab0        0x6 Core/Src/stm32f1xx_it.o
                0x0000000008000ab0                UsageFault_Handler
 .text.SVC_Handler
                0x0000000008000ab6        0xc Core/Src/stm32f1xx_it.o
                0x0000000008000ab6                SVC_Handler
 .text.DebugMon_Handler
                0x0000000008000ac2        0xc Core/Src/stm32f1xx_it.o
                0x0000000008000ac2                DebugMon_Handler
 .text.PendSV_Handler
                0x0000000008000ace        0xc Core/Src/stm32f1xx_it.o
                0x0000000008000ace                PendSV_Handler
 .text.SysTick_Handler
                0x0000000008000ada        0xc Core/Src/stm32f1xx_it.o
                0x0000000008000ada                SysTick_Handler
 .text.SystemInit
                0x0000000008000ae6        0xc Core/Src/system_stm32f1xx.o
                0x0000000008000ae6                SystemInit
 *fill*         0x0000000008000af2        0x2 
 .text.MX_USART2_UART_Init
                0x0000000008000af4       0x54 Core/Src/usart.o
                0x0000000008000af4                MX_USART2_UART_Init
 .text.HAL_UART_MspInit
                0x0000000008000b48       0x94 Core/Src/usart.o
                0x0000000008000b48                HAL_UART_MspInit
 .text.Reset_Handler
                0x0000000008000bdc       0x48 Core/Startup/startup_stm32f103c8tx.o
                0x0000000008000bdc                Reset_Handler
 .text.Default_Handler
                0x0000000008000c24        0x2 Core/Startup/startup_stm32f103c8tx.o
                0x0000000008000c24                RTC_Alarm_IRQHandler
                0x0000000008000c24                EXTI2_IRQHandler
                0x0000000008000c24                TIM1_CC_IRQHandler
                0x0000000008000c24                PVD_IRQHandler
                0x0000000008000c24                EXTI3_IRQHandler
                0x0000000008000c24                EXTI0_IRQHandler
                0x0000000008000c24                I2C2_EV_IRQHandler
                0x0000000008000c24                ADC1_2_IRQHandler
                0x0000000008000c24                SPI1_IRQHandler
                0x0000000008000c24                TAMPER_IRQHandler
                0x0000000008000c24                DMA1_Channel4_IRQHandler
                0x0000000008000c24                USART3_IRQHandler
                0x0000000008000c24                RTC_IRQHandler
                0x0000000008000c24                DMA1_Channel7_IRQHandler
                0x0000000008000c24                CAN1_RX1_IRQHandler
                0x0000000008000c24                TIM4_IRQHandler
                0x0000000008000c24                I2C1_EV_IRQHandler
                0x0000000008000c24                DMA1_Channel6_IRQHandler
                0x0000000008000c24                TIM3_IRQHandler
                0x0000000008000c24                RCC_IRQHandler
                0x0000000008000c24                TIM1_TRG_COM_IRQHandler
                0x0000000008000c24                DMA1_Channel1_IRQHandler
                0x0000000008000c24                Default_Handler
                0x0000000008000c24                EXTI15_10_IRQHandler
                0x0000000008000c24                EXTI9_5_IRQHandler
                0x0000000008000c24                SPI2_IRQHandler
                0x0000000008000c24                DMA1_Channel5_IRQHandler
                0x0000000008000c24                EXTI4_IRQHandler
                0x0000000008000c24                USB_LP_CAN1_RX0_IRQHandler
                0x0000000008000c24                USB_HP_CAN1_TX_IRQHandler
                0x0000000008000c24                DMA1_Channel3_IRQHandler
                0x0000000008000c24                TIM1_UP_IRQHandler
                0x0000000008000c24                WWDG_IRQHandler
                0x0000000008000c24                TIM2_IRQHandler
                0x0000000008000c24                TIM1_BRK_IRQHandler
                0x0000000008000c24                EXTI1_IRQHandler
                0x0000000008000c24                USART2_IRQHandler
                0x0000000008000c24                I2C2_ER_IRQHandler
                0x0000000008000c24                DMA1_Channel2_IRQHandler
                0x0000000008000c24                CAN1_SCE_IRQHandler
                0x0000000008000c24                FLASH_IRQHandler
                0x0000000008000c24                USART1_IRQHandler
                0x0000000008000c24                I2C1_ER_IRQHandler
                0x0000000008000c24                USBWakeUp_IRQHandler
 *fill*         0x0000000008000c26        0x2 
 .text.HAL_Init
                0x0000000008000c28       0x2c Drivers/STM32F1xx_HAL_Driver/Src/stm32f1xx_hal.o
                0x0000000008000c28                HAL_Init
 .text.HAL_InitTick
                0x0000000008000c54       0x60 Drivers/STM32F1xx_HAL_Driver/Src/stm32f1xx_hal.o
                0x0000000008000c54                HAL_InitTick
 .text.HAL_IncTick
                0x0000000008000cb4       0x24 Drivers/STM32F1xx_HAL_Driver/Src/stm32f1xx_hal.o
                0x0000000008000cb4                HAL_IncTick
 .text.HAL_GetTick
                0x0000000008000cd8       0x14 Drivers/STM32F1xx_HAL_Driver/Src/stm32f1xx_hal.o
                0x0000000008000cd8                HAL_GetTick
 .text.__NVIC_SetPriorityGrouping
                0x0000000008000cec       0x48 Drivers/STM32F1xx_HAL_Driver/Src/stm32f1xx_hal_cortex.o
 .text.__NVIC_GetPriorityGrouping
                0x0000000008000d34       0x1c Drivers/STM32F1xx_HAL_Driver/Src/stm32f1xx_hal_cortex.o
 .text.__NVIC_SetPriority
                0x0000000008000d50       0x54 Drivers/STM32F1xx_HAL_Driver/Src/stm32f1xx_hal_cortex.o
 .text.NVIC_EncodePriority
                0x0000000008000da4       0x64 Drivers/STM32F1xx_HAL_Driver/Src/stm32f1xx_hal_cortex.o
 .text.SysTick_Config
                0x0000000008000e08       0x44 Drivers/STM32F1xx_HAL_Driver/Src/stm32f1xx_hal_cortex.o
 .text.HAL_NVIC_SetPriorityGrouping
                0x0000000008000e4c       0x16 Drivers/STM32F1xx_HAL_Driver/Src/stm32f1xx_hal_cortex.o
                0x0000000008000e4c                HAL_NVIC_SetPriorityGrouping
 .text.HAL_NVIC_SetPriority
                0x0000000008000e62       0x38 Drivers/STM32F1xx_HAL_Driver/Src/stm32f1xx_hal_cortex.o
                0x0000000008000e62                HAL_NVIC_SetPriority
 .text.HAL_SYSTICK_Config
                0x0000000008000e9a       0x18 Drivers/STM32F1xx_HAL_Driver/Src/stm32f1xx_hal_cortex.o
                0x0000000008000e9a                HAL_SYSTICK_Config
 *fill*         0x0000000008000eb2        0x2 
 .text.HAL_SYSTICK_CLKSourceConfig
                0x0000000008000eb4       0x38 Drivers/STM32F1xx_HAL_Driver/Src/stm32f1xx_hal_cortex.o
                0x0000000008000eb4                HAL_SYSTICK_CLKSourceConfig
 .text.HAL_GPIO_Init
                0x0000000008000eec      0x2b4 Drivers/STM32F1xx_HAL_Driver/Src/stm32f1xx_hal_gpio.o
                0x0000000008000eec                HAL_GPIO_Init
 .text.HAL_GPIO_WritePin
                0x00000000080011a0       0x30 Drivers/STM32F1xx_HAL_Driver/Src/stm32f1xx_hal_gpio.o
                0x00000000080011a0                HAL_GPIO_WritePin
 .text.HAL_I2C_Init
                0x00000000080011d0      0x270 Drivers/STM32F1xx_HAL_Driver/Src/stm32f1xx_hal_i2c.o
                0x00000000080011d0                HAL_I2C_Init
 .text.HAL_RCC_OscConfig
                0x0000000008001440      0x500 Drivers/STM32F1xx_HAL_Driver/Src/stm32f1xx_hal_rcc.o
                0x0000000008001440                HAL_RCC_OscConfig
 .text.HAL_RCC_ClockConfig
                0x0000000008001940      0x1d4 Drivers/STM32F1xx_HAL_Driver/Src/stm32f1xx_hal_rcc.o
                0x0000000008001940                HAL_RCC_ClockConfig
 .text.HAL_RCC_GetSysClockFreq
                0x0000000008001b14       0xc4 Drivers/STM32F1xx_HAL_Driver/Src/stm32f1xx_hal_rcc.o
                0x0000000008001b14                HAL_RCC_GetSysClockFreq
 .text.HAL_RCC_GetHCLKFreq
                0x0000000008001bd8       0x14 Drivers/STM32F1xx_HAL_Driver/Src/stm32f1xx_hal_rcc.o
                0x0000000008001bd8                HAL_RCC_GetHCLKFreq
 .text.HAL_RCC_GetPCLK1Freq
                0x0000000008001bec       0x28 Drivers/STM32F1xx_HAL_Driver/Src/stm32f1xx_hal_rcc.o
                0x0000000008001bec                HAL_RCC_GetPCLK1Freq
 .text.HAL_RCC_GetPCLK2Freq
                0x0000000008001c14       0x28 Drivers/STM32F1xx_HAL_Driver/Src/stm32f1xx_hal_rcc.o
                0x0000000008001c14                HAL_RCC_GetPCLK2Freq
 .text.RCC_Delay
                0x0000000008001c3c       0x3c Drivers/STM32F1xx_HAL_Driver/Src/stm32f1xx_hal_rcc.o
 .text.HAL_SPI_Init
                0x0000000008001c78      0x108 Drivers/STM32F1xx_HAL_Driver/Src/stm32f1xx_hal_spi.o
                0x0000000008001c78                HAL_SPI_Init
 .text.HAL_SPI_Transmit
                0x0000000008001d80      0x278 Drivers/STM32F1xx_HAL_Driver/Src/stm32f1xx_hal_spi.o
                0x0000000008001d80                HAL_SPI_Transmit
 .text.SPI_WaitFlagStateUntilTimeout
                0x0000000008001ff8      0x110 Drivers/STM32F1xx_HAL_Driver/Src/stm32f1xx_hal_spi.o
 .text.SPI_EndRxTxTransaction
                0x0000000008002108       0x3c Drivers/STM32F1xx_HAL_Driver/Src/stm32f1xx_hal_spi.o
 .text.HAL_UART_Init
                0x0000000008002144       0x9a Drivers/STM32F1xx_HAL_Driver/Src/stm32f1xx_hal_uart.o
                0x0000000008002144                HAL_UART_Init
 *fill*         0x00000000080021de        0x2 
 .text.UART_SetConfig
                0x00000000080021e0      0x11c Drivers/STM32F1xx_HAL_Driver/Src/stm32f1xx_hal_uart.o
 .text.__libc_init_array
                0x00000000080022fc       0x48 d:/stm32cubeide_1.5.0/stm32cubeide/plugins/com.st.stm32cube.ide.mcu.externaltools.gnu-tools-for-stm32.7-2018-q2-update.win32_1.5.0.202011040924/tools/bin/../lib/gcc/arm-none-eabi/7.3.1/../../../../arm-none-eabi/lib/thumb/v7-m\libc_nano.a(lib_a-init.o)
                0x00000000080022fc                __libc_init_array
 .text.memset   0x0000000008002344       0x10 d:/stm32cubeide_1.5.0/stm32cubeide/plugins/com.st.stm32cube.ide.mcu.externaltools.gnu-tools-for-stm32.7-2018-q2-update.win32_1.5.0.202011040924/tools/bin/../lib/gcc/arm-none-eabi/7.3.1/../../../../arm-none-eabi/lib/thumb/v7-m\libc_nano.a(lib_a-memset.o)
                0x0000000008002344                memset
 *(.glue_7)
 .glue_7        0x0000000008002354        0x0 linker stubs
 *(.glue_7t)
 .glue_7t       0x0000000008002354        0x0 linker stubs
 *(.eh_frame)
 .eh_frame      0x0000000008002354        0x0 d:/stm32cubeide_1.5.0/stm32cubeide/plugins/com.st.stm32cube.ide.mcu.externaltools.gnu-tools-for-stm32.7-2018-q2-update.win32_1.5.0.202011040924/tools/bin/../lib/gcc/arm-none-eabi/7.3.1/thumb/v7-m/crtbegin.o
 *(.init)
 .init          0x0000000008002354        0x4 d:/stm32cubeide_1.5.0/stm32cubeide/plugins/com.st.stm32cube.ide.mcu.externaltools.gnu-tools-for-stm32.7-2018-q2-update.win32_1.5.0.202011040924/tools/bin/../lib/gcc/arm-none-eabi/7.3.1/thumb/v7-m/crti.o
                0x0000000008002354                _init
 .init          0x0000000008002358        0x8 d:/stm32cubeide_1.5.0/stm32cubeide/plugins/com.st.stm32cube.ide.mcu.externaltools.gnu-tools-for-stm32.7-2018-q2-update.win32_1.5.0.202011040924/tools/bin/../lib/gcc/arm-none-eabi/7.3.1/thumb/v7-m/crtn.o
 *(.fini)
 .fini          0x0000000008002360        0x4 d:/stm32cubeide_1.5.0/stm32cubeide/plugins/com.st.stm32cube.ide.mcu.externaltools.gnu-tools-for-stm32.7-2018-q2-update.win32_1.5.0.202011040924/tools/bin/../lib/gcc/arm-none-eabi/7.3.1/thumb/v7-m/crti.o
                0x0000000008002360                _fini
 .fini          0x0000000008002364        0x8 d:/stm32cubeide_1.5.0/stm32cubeide/plugins/com.st.stm32cube.ide.mcu.externaltools.gnu-tools-for-stm32.7-2018-q2-update.win32_1.5.0.202011040924/tools/bin/../lib/gcc/arm-none-eabi/7.3.1/thumb/v7-m/crtn.o
                0x000000000800236c                . = ALIGN (0x4)
                0x000000000800236c                _etext = .

.vfp11_veneer   0x000000000800236c        0x0
 .vfp11_veneer  0x000000000800236c        0x0 linker stubs

.v4_bx          0x000000000800236c        0x0
 .v4_bx         0x000000000800236c        0x0 linker stubs

.iplt           0x000000000800236c        0x0
 .iplt          0x000000000800236c        0x0 d:/stm32cubeide_1.5.0/stm32cubeide/plugins/com.st.stm32cube.ide.mcu.externaltools.gnu-tools-for-stm32.7-2018-q2-update.win32_1.5.0.202011040924/tools/bin/../lib/gcc/arm-none-eabi/7.3.1/thumb/v7-m/crtbegin.o

.rodata         0x000000000800236c       0x2c
                0x000000000800236c                . = ALIGN (0x4)
 *(.rodata)
 .rodata        0x000000000800236c       0x12 Drivers/STM32F1xx_HAL_Driver/Src/stm32f1xx_hal_rcc.o
 *(.rodata*)
 *fill*         0x000000000800237e        0x2 
 .rodata.AHBPrescTable
                0x0000000008002380       0x10 Core/Src/system_stm32f1xx.o
                0x0000000008002380                AHBPrescTable
 .rodata.APBPrescTable
                0x0000000008002390        0x8 Core/Src/system_stm32f1xx.o
                0x0000000008002390                APBPrescTable
                0x0000000008002398                . = ALIGN (0x4)

.rel.dyn        0x0000000008002398        0x0
 .rel.iplt      0x0000000008002398        0x0 d:/stm32cubeide_1.5.0/stm32cubeide/plugins/com.st.stm32cube.ide.mcu.externaltools.gnu-tools-for-stm32.7-2018-q2-update.win32_1.5.0.202011040924/tools/bin/../lib/gcc/arm-none-eabi/7.3.1/thumb/v7-m/crtbegin.o

.ARM.extab      0x0000000008002398        0x0
                0x0000000008002398                . = ALIGN (0x4)
 *(.ARM.extab* .gnu.linkonce.armextab.*)
                0x0000000008002398                . = ALIGN (0x4)

.ARM            0x0000000008002398        0x0
                0x0000000008002398                . = ALIGN (0x4)
                0x0000000008002398                __exidx_start = .
 *(.ARM.exidx*)
                0x0000000008002398                __exidx_end = .
                0x0000000008002398                . = ALIGN (0x4)

.preinit_array  0x0000000008002398        0x0
                0x0000000008002398                . = ALIGN (0x4)
                0x0000000008002398                PROVIDE (__preinit_array_start = .)
 *(.preinit_array*)
                0x0000000008002398                PROVIDE (__preinit_array_end = .)
                0x0000000008002398                . = ALIGN (0x4)

.init_array     0x0000000008002398        0x4
                0x0000000008002398                . = ALIGN (0x4)
                0x0000000008002398                PROVIDE (__init_array_start = .)
 *(SORT_BY_NAME(.init_array.*))
 *(.init_array*)
 .init_array    0x0000000008002398        0x4 d:/stm32cubeide_1.5.0/stm32cubeide/plugins/com.st.stm32cube.ide.mcu.externaltools.gnu-tools-for-stm32.7-2018-q2-update.win32_1.5.0.202011040924/tools/bin/../lib/gcc/arm-none-eabi/7.3.1/thumb/v7-m/crtbegin.o
                0x000000000800239c                PROVIDE (__init_array_end = .)
                0x000000000800239c                . = ALIGN (0x4)

.fini_array     0x000000000800239c        0x4
                0x000000000800239c                . = ALIGN (0x4)
                [!provide]                        PROVIDE (__fini_array_start = .)
 *(SORT_BY_NAME(.fini_array.*))
 *(.fini_array*)
 .fini_array    0x000000000800239c        0x4 d:/stm32cubeide_1.5.0/stm32cubeide/plugins/com.st.stm32cube.ide.mcu.externaltools.gnu-tools-for-stm32.7-2018-q2-update.win32_1.5.0.202011040924/tools/bin/../lib/gcc/arm-none-eabi/7.3.1/thumb/v7-m/crtbegin.o
                [!provide]                        PROVIDE (__fini_array_end = .)
                0x00000000080023a0                . = ALIGN (0x4)
                0x00000000080023a0                _sidata = LOADADDR (.data)

.data           0x0000000020000000        0xc load address 0x00000000080023a0
                0x0000000020000000                . = ALIGN (0x4)
                0x0000000020000000                _sdata = .
 *(.data)
 *(.data*)
 .data.SystemCoreClock
                0x0000000020000000        0x4 Core/Src/system_stm32f1xx.o
                0x0000000020000000                SystemCoreClock
 .data.uwTickPrio
                0x0000000020000004        0x4 Drivers/STM32F1xx_HAL_Driver/Src/stm32f1xx_hal.o
                0x0000000020000004                uwTickPrio
 .data.uwTickFreq
                0x0000000020000008        0x1 Drivers/STM32F1xx_HAL_Driver/Src/stm32f1xx_hal.o
                0x0000000020000008                uwTickFreq
 *(.RamFunc)
 *(.RamFunc*)
                0x000000002000000c                . = ALIGN (0x4)
 *fill*         0x0000000020000009        0x3 
                0x000000002000000c                _edata = .

.igot.plt       0x000000002000000c        0x0 load address 0x00000000080023ac
 .igot.plt      0x000000002000000c        0x0 d:/stm32cubeide_1.5.0/stm32cubeide/plugins/com.st.stm32cube.ide.mcu.externaltools.gnu-tools-for-stm32.7-2018-q2-update.win32_1.5.0.202011040924/tools/bin/../lib/gcc/arm-none-eabi/7.3.1/thumb/v7-m/crtbegin.o
                0x000000002000000c                . = ALIGN (0x4)

.bss            0x000000002000000c      0x110 load address 0x00000000080023ac
                0x000000002000000c                _sbss = .
                0x000000002000000c                __bss_start__ = _sbss
 *(.bss)
 .bss           0x000000002000000c       0x1c d:/stm32cubeide_1.5.0/stm32cubeide/plugins/com.st.stm32cube.ide.mcu.externaltools.gnu-tools-for-stm32.7-2018-q2-update.win32_1.5.0.202011040924/tools/bin/../lib/gcc/arm-none-eabi/7.3.1/thumb/v7-m/crtbegin.o
 *(.bss*)
 .bss.fac_us    0x0000000020000028        0x4 Core/MyCommonLib/src/myLib/drv/commonDrv/mcuDrvs/commonDrv_stm32f1.o
 *(COMMON)
 COMMON         0x000000002000002c       0x54 Core/Src/i2c.o
                0x000000002000002c                hi2c1
 COMMON         0x0000000020000080       0x58 Core/Src/spi.o
                0x0000000020000080                hspi2
 COMMON         0x00000000200000d8       0x40 Core/Src/usart.o
                0x00000000200000d8                huart2
 COMMON         0x0000000020000118        0x4 Drivers/STM32F1xx_HAL_Driver/Src/stm32f1xx_hal.o
                0x0000000020000118                uwTick
                0x000000002000011c                . = ALIGN (0x4)
                0x000000002000011c                _ebss = .
                0x000000002000011c                __bss_end__ = _ebss

._user_heap_stack
                0x000000002000011c      0x604 load address 0x00000000080023ac
                0x0000000020000120                . = ALIGN (0x8)
 *fill*         0x000000002000011c        0x4 
                [!provide]                        PROVIDE (end = .)
                0x0000000020000120                PROVIDE (_end = .)
                0x0000000020000320                . = (. + _Min_Heap_Size)
 *fill*         0x0000000020000120      0x200 
                0x0000000020000720                . = (. + _Min_Stack_Size)
 *fill*         0x0000000020000320      0x400 
                0x0000000020000720                . = ALIGN (0x8)

/DISCARD/
 libc.a(*)
 libm.a(*)
 libgcc.a(*)

.ARM.attributes
                0x0000000000000000       0x29
 *(.ARM.attributes)
 .ARM.attributes
                0x0000000000000000       0x1d d:/stm32cubeide_1.5.0/stm32cubeide/plugins/com.st.stm32cube.ide.mcu.externaltools.gnu-tools-for-stm32.7-2018-q2-update.win32_1.5.0.202011040924/tools/bin/../lib/gcc/arm-none-eabi/7.3.1/thumb/v7-m/crti.o
 .ARM.attributes
                0x000000000000001d       0x2d d:/stm32cubeide_1.5.0/stm32cubeide/plugins/com.st.stm32cube.ide.mcu.externaltools.gnu-tools-for-stm32.7-2018-q2-update.win32_1.5.0.202011040924/tools/bin/../lib/gcc/arm-none-eabi/7.3.1/thumb/v7-m/crtbegin.o
 .ARM.attributes
                0x000000000000004a       0x33 Core/MyCode/mycode.o
 .ARM.attributes
                0x000000000000007d       0x33 Core/MyCommonLib/src/myLib/drv/commonDrv/mcuDrvs/commonDrv_stm32f1.o
 .ARM.attributes
                0x00000000000000b0       0x33 Core/MyCommonLib/src/myLib/drv/spi/mcuDrvs/spi_stm32f1.o
 .ARM.attributes
                0x00000000000000e3       0x33 Core/MyCommonLib/src/myLib/service/display/ili9341/mcuDrvs/tftlcd_drv_stm32f1.o
 .ARM.attributes
                0x0000000000000116       0x33 Core/MyCommonLib/src/myLib/service/display/ili9341/tftlcd.o
 .ARM.attributes
                0x0000000000000149       0x33 Core/Src/gpio.o
 .ARM.attributes
                0x000000000000017c       0x33 Core/Src/i2c.o
 .ARM.attributes
                0x00000000000001af       0x33 Core/Src/main.o
 .ARM.attributes
                0x00000000000001e2       0x33 Core/Src/spi.o
 .ARM.attributes
                0x0000000000000215       0x33 Core/Src/stm32f1xx_hal_msp.o
 .ARM.attributes
                0x0000000000000248       0x33 Core/Src/stm32f1xx_it.o
 .ARM.attributes
                0x000000000000027b       0x33 Core/Src/system_stm32f1xx.o
 .ARM.attributes
                0x00000000000002ae       0x33 Core/Src/usart.o
 .ARM.attributes
                0x00000000000002e1       0x21 Core/Startup/startup_stm32f103c8tx.o
 .ARM.attributes
                0x0000000000000302       0x33 Drivers/STM32F1xx_HAL_Driver/Src/stm32f1xx_hal.o
 .ARM.attributes
                0x0000000000000335       0x33 Drivers/STM32F1xx_HAL_Driver/Src/stm32f1xx_hal_cortex.o
 .ARM.attributes
                0x0000000000000368       0x33 Drivers/STM32F1xx_HAL_Driver/Src/stm32f1xx_hal_gpio.o
 .ARM.attributes
                0x000000000000039b       0x33 Drivers/STM32F1xx_HAL_Driver/Src/stm32f1xx_hal_i2c.o
 .ARM.attributes
                0x00000000000003ce       0x33 Drivers/STM32F1xx_HAL_Driver/Src/stm32f1xx_hal_rcc.o
 .ARM.attributes
                0x0000000000000401       0x33 Drivers/STM32F1xx_HAL_Driver/Src/stm32f1xx_hal_spi.o
 .ARM.attributes
                0x0000000000000434       0x33 Drivers/STM32F1xx_HAL_Driver/Src/stm32f1xx_hal_uart.o
 .ARM.attributes
                0x0000000000000467       0x2d d:/stm32cubeide_1.5.0/stm32cubeide/plugins/com.st.stm32cube.ide.mcu.externaltools.gnu-tools-for-stm32.7-2018-q2-update.win32_1.5.0.202011040924/tools/bin/../lib/gcc/arm-none-eabi/7.3.1/../../../../arm-none-eabi/lib/thumb/v7-m\libc_nano.a(lib_a-init.o)
 .ARM.attributes
                0x0000000000000494       0x2d d:/stm32cubeide_1.5.0/stm32cubeide/plugins/com.st.stm32cube.ide.mcu.externaltools.gnu-tools-for-stm32.7-2018-q2-update.win32_1.5.0.202011040924/tools/bin/../lib/gcc/arm-none-eabi/7.3.1/../../../../arm-none-eabi/lib/thumb/v7-m\libc_nano.a(lib_a-memset.o)
 .ARM.attributes
                0x00000000000004c1       0x1d d:/stm32cubeide_1.5.0/stm32cubeide/plugins/com.st.stm32cube.ide.mcu.externaltools.gnu-tools-for-stm32.7-2018-q2-update.win32_1.5.0.202011040924/tools/bin/../lib/gcc/arm-none-eabi/7.3.1/thumb/v7-m/crtn.o
OUTPUT(tftlcd.elf elf32-littlearm)

.debug_info     0x0000000000000000     0xe30a
 .debug_info    0x0000000000000000      0x9a5 Core/MyCode/mycode.o
 .debug_info    0x00000000000009a5      0xf04 Core/MyCommonLib/src/myLib/drv/commonDrv/mcuDrvs/commonDrv_stm32f1.o
 .debug_info    0x00000000000018a9      0xf47 Core/MyCommonLib/src/myLib/drv/spi/mcuDrvs/spi_stm32f1.o
 .debug_info    0x00000000000027f0      0xae7 Core/MyCommonLib/src/myLib/service/display/ili9341/mcuDrvs/tftlcd_drv_stm32f1.o
 .debug_info    0x00000000000032d7      0xb2a Core/MyCommonLib/src/myLib/service/display/ili9341/tftlcd.o
 .debug_info    0x0000000000003e01      0x35d Core/Src/gpio.o
 .debug_info    0x000000000000415e      0x842 Core/Src/i2c.o
 .debug_info    0x00000000000049a0     0x1417 Core/Src/main.o
 .debug_info    0x0000000000005db7      0x813 Core/Src/spi.o
 .debug_info    0x00000000000065ca      0x2d6 Core/Src/stm32f1xx_hal_msp.o
 .debug_info    0x00000000000068a0      0x20a Core/Src/stm32f1xx_it.o
 .debug_info    0x0000000000006aaa      0x29a Core/Src/system_stm32f1xx.o
 .debug_info    0x0000000000006d44      0x7b3 Core/Src/usart.o
 .debug_info    0x00000000000074f7       0x22 Core/Startup/startup_stm32f103c8tx.o
 .debug_info    0x0000000000007519      0x714 Drivers/STM32F1xx_HAL_Driver/Src/stm32f1xx_hal.o
 .debug_info    0x0000000000007c2d      0xb51 Drivers/STM32F1xx_HAL_Driver/Src/stm32f1xx_hal_cortex.o
 .debug_info    0x000000000000877e      0x69b Drivers/STM32F1xx_HAL_Driver/Src/stm32f1xx_hal_gpio.o
 .debug_info    0x0000000000008e19     0x2555 Drivers/STM32F1xx_HAL_Driver/Src/stm32f1xx_hal_i2c.o
 .debug_info    0x000000000000b36e      0x80f Drivers/STM32F1xx_HAL_Driver/Src/stm32f1xx_hal_rcc.o
 .debug_info    0x000000000000bb7d     0x1572 Drivers/STM32F1xx_HAL_Driver/Src/stm32f1xx_hal_spi.o
 .debug_info    0x000000000000d0ef     0x121b Drivers/STM32F1xx_HAL_Driver/Src/stm32f1xx_hal_uart.o

.debug_abbrev   0x0000000000000000     0x23a9
 .debug_abbrev  0x0000000000000000      0x1ad Core/MyCode/mycode.o
 .debug_abbrev  0x00000000000001ad      0x221 Core/MyCommonLib/src/myLib/drv/commonDrv/mcuDrvs/commonDrv_stm32f1.o
 .debug_abbrev  0x00000000000003ce      0x1cb Core/MyCommonLib/src/myLib/drv/spi/mcuDrvs/spi_stm32f1.o
 .debug_abbrev  0x0000000000000599      0x1a2 Core/MyCommonLib/src/myLib/service/display/ili9341/mcuDrvs/tftlcd_drv_stm32f1.o
 .debug_abbrev  0x000000000000073b      0x1dc Core/MyCommonLib/src/myLib/service/display/ili9341/tftlcd.o
 .debug_abbrev  0x0000000000000917      0x134 Core/Src/gpio.o
 .debug_abbrev  0x0000000000000a4b      0x199 Core/Src/i2c.o
 .debug_abbrev  0x0000000000000be4      0x205 Core/Src/main.o
 .debug_abbrev  0x0000000000000de9      0x199 Core/Src/spi.o
 .debug_abbrev  0x0000000000000f82      0x109 Core/Src/stm32f1xx_hal_msp.o
 .debug_abbrev  0x000000000000108b       0xc6 Core/Src/stm32f1xx_it.o
 .debug_abbrev  0x0000000000001151      0x134 Core/Src/system_stm32f1xx.o
 .debug_abbrev  0x0000000000001285      0x199 Core/Src/usart.o
 .debug_abbrev  0x000000000000141e       0x12 Core/Startup/startup_stm32f103c8tx.o
 .debug_abbrev  0x0000000000001430      0x1c7 Drivers/STM32F1xx_HAL_Driver/Src/stm32f1xx_hal.o
 .debug_abbrev  0x00000000000015f7      0x2d5 Drivers/STM32F1xx_HAL_Driver/Src/stm32f1xx_hal_cortex.o
 .debug_abbrev  0x00000000000018cc      0x1c0 Drivers/STM32F1xx_HAL_Driver/Src/stm32f1xx_hal_gpio.o
 .debug_abbrev  0x0000000000001a8c      0x258 Drivers/STM32F1xx_HAL_Driver/Src/stm32f1xx_hal_i2c.o
 .debug_abbrev  0x0000000000001ce4      0x243 Drivers/STM32F1xx_HAL_Driver/Src/stm32f1xx_hal_rcc.o
 .debug_abbrev  0x0000000000001f27      0x240 Drivers/STM32F1xx_HAL_Driver/Src/stm32f1xx_hal_spi.o
 .debug_abbrev  0x0000000000002167      0x242 Drivers/STM32F1xx_HAL_Driver/Src/stm32f1xx_hal_uart.o

.debug_aranges  0x0000000000000000      0xc50
 .debug_aranges
                0x0000000000000000       0x28 Core/MyCode/mycode.o
 .debug_aranges
                0x0000000000000028       0x38 Core/MyCommonLib/src/myLib/drv/commonDrv/mcuDrvs/commonDrv_stm32f1.o
 .debug_aranges
                0x0000000000000060       0x48 Core/MyCommonLib/src/myLib/drv/spi/mcuDrvs/spi_stm32f1.o
 .debug_aranges
                0x00000000000000a8       0x80 Core/MyCommonLib/src/myLib/service/display/ili9341/mcuDrvs/tftlcd_drv_stm32f1.o
 .debug_aranges
                0x0000000000000128       0x70 Core/MyCommonLib/src/myLib/service/display/ili9341/tftlcd.o
 .debug_aranges
                0x0000000000000198       0x20 Core/Src/gpio.o
 .debug_aranges
                0x00000000000001b8       0x30 Core/Src/i2c.o
 .debug_aranges
                0x00000000000001e8       0x30 Core/Src/main.o
 .debug_aranges
                0x0000000000000218       0x30 Core/Src/spi.o
 .debug_aranges
                0x0000000000000248       0x20 Core/Src/stm32f1xx_hal_msp.o
 .debug_aranges
                0x0000000000000268       0x60 Core/Src/stm32f1xx_it.o
 .debug_aranges
                0x00000000000002c8       0x28 Core/Src/system_stm32f1xx.o
 .debug_aranges
                0x00000000000002f0       0x30 Core/Src/usart.o
 .debug_aranges
                0x0000000000000320       0x28 Core/Startup/startup_stm32f103c8tx.o
 .debug_aranges
                0x0000000000000348       0xe0 Drivers/STM32F1xx_HAL_Driver/Src/stm32f1xx_hal.o
 .debug_aranges
                0x0000000000000428      0x100 Drivers/STM32F1xx_HAL_Driver/Src/stm32f1xx_hal_cortex.o
 .debug_aranges
                0x0000000000000528       0x58 Drivers/STM32F1xx_HAL_Driver/Src/stm32f1xx_hal_gpio.o
 .debug_aranges
                0x0000000000000580      0x2a0 Drivers/STM32F1xx_HAL_Driver/Src/stm32f1xx_hal_i2c.o
 .debug_aranges
                0x0000000000000820       0x90 Drivers/STM32F1xx_HAL_Driver/Src/stm32f1xx_hal_rcc.o
 .debug_aranges
                0x00000000000008b0      0x1d0 Drivers/STM32F1xx_HAL_Driver/Src/stm32f1xx_hal_spi.o
 .debug_aranges
                0x0000000000000a80      0x1d0 Drivers/STM32F1xx_HAL_Driver/Src/stm32f1xx_hal_uart.o

.debug_ranges   0x0000000000000000      0xb30
 .debug_ranges  0x0000000000000000       0x18 Core/MyCode/mycode.o
 .debug_ranges  0x0000000000000018       0x28 Core/MyCommonLib/src/myLib/drv/commonDrv/mcuDrvs/commonDrv_stm32f1.o
 .debug_ranges  0x0000000000000040       0x38 Core/MyCommonLib/src/myLib/drv/spi/mcuDrvs/spi_stm32f1.o
 .debug_ranges  0x0000000000000078       0x70 Core/MyCommonLib/src/myLib/service/display/ili9341/mcuDrvs/tftlcd_drv_stm32f1.o
 .debug_ranges  0x00000000000000e8       0x60 Core/MyCommonLib/src/myLib/service/display/ili9341/tftlcd.o
 .debug_ranges  0x0000000000000148       0x10 Core/Src/gpio.o
 .debug_ranges  0x0000000000000158       0x20 Core/Src/i2c.o
 .debug_ranges  0x0000000000000178       0x20 Core/Src/main.o
 .debug_ranges  0x0000000000000198       0x20 Core/Src/spi.o
 .debug_ranges  0x00000000000001b8       0x10 Core/Src/stm32f1xx_hal_msp.o
 .debug_ranges  0x00000000000001c8       0x50 Core/Src/stm32f1xx_it.o
 .debug_ranges  0x0000000000000218       0x18 Core/Src/system_stm32f1xx.o
 .debug_ranges  0x0000000000000230       0x20 Core/Src/usart.o
 .debug_ranges  0x0000000000000250       0x20 Core/Startup/startup_stm32f103c8tx.o
 .debug_ranges  0x0000000000000270       0xd0 Drivers/STM32F1xx_HAL_Driver/Src/stm32f1xx_hal.o
 .debug_ranges  0x0000000000000340       0xf0 Drivers/STM32F1xx_HAL_Driver/Src/stm32f1xx_hal_cortex.o
 .debug_ranges  0x0000000000000430       0x48 Drivers/STM32F1xx_HAL_Driver/Src/stm32f1xx_hal_gpio.o
 .debug_ranges  0x0000000000000478      0x2b8 Drivers/STM32F1xx_HAL_Driver/Src/stm32f1xx_hal_i2c.o
 .debug_ranges  0x0000000000000730       0x80 Drivers/STM32F1xx_HAL_Driver/Src/stm32f1xx_hal_rcc.o
 .debug_ranges  0x00000000000007b0      0x1c0 Drivers/STM32F1xx_HAL_Driver/Src/stm32f1xx_hal_spi.o
 .debug_ranges  0x0000000000000970      0x1c0 Drivers/STM32F1xx_HAL_Driver/Src/stm32f1xx_hal_uart.o

.debug_macro    0x0000000000000000    0x18c61
 .debug_macro   0x0000000000000000      0x413 Core/MyCode/mycode.o
 .debug_macro   0x0000000000000413      0xa5a Core/MyCode/mycode.o
 .debug_macro   0x0000000000000e6d      0x221 Core/MyCode/mycode.o
 .debug_macro   0x000000000000108e       0x2e Core/MyCode/mycode.o
 .debug_macro   0x00000000000010bc       0x22 Core/MyCode/mycode.o
 .debug_macro   0x00000000000010de       0x22 Core/MyCode/mycode.o
 .debug_macro   0x0000000000001100       0x8e Core/MyCode/mycode.o
 .debug_macro   0x000000000000118e       0x51 Core/MyCode/mycode.o
 .debug_macro   0x00000000000011df       0xef Core/MyCode/mycode.o
 .debug_macro   0x00000000000012ce       0x6a Core/MyCode/mycode.o
 .debug_macro   0x0000000000001338      0x1df Core/MyCode/mycode.o
 .debug_macro   0x0000000000001517       0x1c Core/MyCode/mycode.o
 .debug_macro   0x0000000000001533       0x22 Core/MyCode/mycode.o
 .debug_macro   0x0000000000001555       0xc3 Core/MyCode/mycode.o
 .debug_macro   0x0000000000001618      0xd23 Core/MyCode/mycode.o
 .debug_macro   0x000000000000233b     0xe097 Core/MyCode/mycode.o
 .debug_macro   0x00000000000103d2       0x43 Core/MyCode/mycode.o
 .debug_macro   0x0000000000010415     0x3468 Core/MyCode/mycode.o
 .debug_macro   0x000000000001387d      0x174 Core/MyCode/mycode.o
 .debug_macro   0x00000000000139f1       0x5c Core/MyCode/mycode.o
 .debug_macro   0x0000000000013a4d      0x5be Core/MyCode/mycode.o
 .debug_macro   0x000000000001400b      0x289 Core/MyCode/mycode.o
 .debug_macro   0x0000000000014294      0x1cb Core/MyCode/mycode.o
 .debug_macro   0x000000000001445f      0x114 Core/MyCode/mycode.o
 .debug_macro   0x0000000000014573      0x1b2 Core/MyCode/mycode.o
 .debug_macro   0x0000000000014725       0x27 Core/MyCode/mycode.o
 .debug_macro   0x000000000001474c      0x136 Core/MyCode/mycode.o
 .debug_macro   0x0000000000014882      0x1bc Core/MyCode/mycode.o
 .debug_macro   0x0000000000014a3e       0x34 Core/MyCode/mycode.o
 .debug_macro   0x0000000000014a72       0x3c Core/MyCode/mycode.o
 .debug_macro   0x0000000000014aae       0x57 Core/MyCode/mycode.o
 .debug_macro   0x0000000000014b05       0x88 Core/MyCode/mycode.o
 .debug_macro   0x0000000000014b8d      0x241 Core/MyCode/mycode.o
 .debug_macro   0x0000000000014dce      0x287 Core/MyCode/mycode.o
 .debug_macro   0x0000000000015055      0x141 Core/MyCode/mycode.o
 .debug_macro   0x0000000000015196      0x217 Core/MyCode/mycode.o
 .debug_macro   0x00000000000153ad      0x26b Core/MyCode/mycode.o
 .debug_macro   0x0000000000015618       0x83 Core/MyCode/mycode.o
 .debug_macro   0x000000000001569b       0x46 Core/MyCode/mycode.o
 .debug_macro   0x00000000000156e1       0x18 Core/MyCode/mycode.o
 .debug_macro   0x00000000000156f9       0x3c Core/MyCode/mycode.o
 .debug_macro   0x0000000000015735       0x34 Core/MyCode/mycode.o
 .debug_macro   0x0000000000015769       0x16 Core/MyCode/mycode.o
 .debug_macro   0x000000000001577f       0x35 Core/MyCode/mycode.o
 .debug_macro   0x00000000000157b4      0x32a Core/MyCode/mycode.o
 .debug_macro   0x0000000000015ade       0x10 Core/MyCode/mycode.o
 .debug_macro   0x0000000000015aee       0x52 Core/MyCode/mycode.o
 .debug_macro   0x0000000000015b40       0x1f Core/MyCode/mycode.o
 .debug_macro   0x0000000000015b5f       0x43 Core/MyCode/mycode.o
 .debug_macro   0x0000000000015ba2       0x20 Core/MyCode/mycode.o
 .debug_macro   0x0000000000015bc2      0x1a3 Core/MyCode/mycode.o
 .debug_macro   0x0000000000015d65       0x10 Core/MyCode/mycode.o
 .debug_macro   0x0000000000015d75       0x1c Core/MyCode/mycode.o
 .debug_macro   0x0000000000015d91       0x52 Core/MyCode/mycode.o
 .debug_macro   0x0000000000015de3       0x40 Core/MyCode/mycode.o
 .debug_macro   0x0000000000015e23       0x10 Core/MyCode/mycode.o
 .debug_macro   0x0000000000015e33       0x40 Core/MyCode/mycode.o
 .debug_macro   0x0000000000015e73       0xd7 Core/MyCode/mycode.o
 .debug_macro   0x0000000000015f4a       0x1c Core/MyCode/mycode.o
 .debug_macro   0x0000000000015f66       0x3d Core/MyCode/mycode.o
 .debug_macro   0x0000000000015fa3       0x16 Core/MyCode/mycode.o
 .debug_macro   0x0000000000015fb9      0x145 Core/MyCode/mycode.o
 .debug_macro   0x00000000000160fe       0x10 Core/MyCode/mycode.o
 .debug_macro   0x000000000001610e       0x70 Core/MyCode/mycode.o
 .debug_macro   0x000000000001617e       0x3a Core/MyCode/mycode.o
 .debug_macro   0x00000000000161b8      0x33c Core/MyCommonLib/src/myLib/drv/commonDrv/mcuDrvs/commonDrv_stm32f1.o
 .debug_macro   0x00000000000164f4      0x346 Core/MyCommonLib/src/myLib/drv/spi/mcuDrvs/spi_stm32f1.o
 .debug_macro   0x000000000001683a      0x38d Core/MyCommonLib/src/myLib/service/display/ili9341/mcuDrvs/tftlcd_drv_stm32f1.o
 .debug_macro   0x0000000000016bc7       0x6a Core/MyCommonLib/src/myLib/service/display/ili9341/mcuDrvs/tftlcd_drv_stm32f1.o
 .debug_macro   0x0000000000016c31      0x3ac Core/MyCommonLib/src/myLib/service/display/ili9341/tftlcd.o
 .debug_macro   0x0000000000016fdd      0x1b6 Core/Src/gpio.o
 .debug_macro   0x0000000000017193      0x1b6 Core/Src/i2c.o
 .debug_macro   0x0000000000017349      0x449 Core/Src/main.o
 .debug_macro   0x0000000000017792      0x1b6 Core/Src/spi.o
 .debug_macro   0x0000000000017948      0x1ac Core/Src/stm32f1xx_hal_msp.o
 .debug_macro   0x0000000000017af4      0x1b6 Core/Src/stm32f1xx_it.o
 .debug_macro   0x0000000000017caa      0x1a2 Core/Src/system_stm32f1xx.o
 .debug_macro   0x0000000000017e4c      0x1b6 Core/Src/usart.o
 .debug_macro   0x0000000000018002      0x1c6 Drivers/STM32F1xx_HAL_Driver/Src/stm32f1xx_hal.o
 .debug_macro   0x00000000000181c8      0x1a2 Drivers/STM32F1xx_HAL_Driver/Src/stm32f1xx_hal_cortex.o
 .debug_macro   0x000000000001836a      0x20d Drivers/STM32F1xx_HAL_Driver/Src/stm32f1xx_hal_gpio.o
 .debug_macro   0x0000000000018577      0x1e9 Drivers/STM32F1xx_HAL_Driver/Src/stm32f1xx_hal_i2c.o
 .debug_macro   0x0000000000018760      0x1b4 Drivers/STM32F1xx_HAL_Driver/Src/stm32f1xx_hal_rcc.o
 .debug_macro   0x0000000000018914      0x1aa Drivers/STM32F1xx_HAL_Driver/Src/stm32f1xx_hal_spi.o
 .debug_macro   0x0000000000018abe      0x1a3 Drivers/STM32F1xx_HAL_Driver/Src/stm32f1xx_hal_uart.o

.debug_line     0x0000000000000000     0xcdd0
 .debug_line    0x0000000000000000      0xb03 Core/MyCode/mycode.o
 .debug_line    0x0000000000000b03      0x9e2 Core/MyCommonLib/src/myLib/drv/commonDrv/mcuDrvs/commonDrv_stm32f1.o
 .debug_line    0x00000000000014e5      0xa32 Core/MyCommonLib/src/myLib/drv/spi/mcuDrvs/spi_stm32f1.o
 .debug_line    0x0000000000001f17      0xacf Core/MyCommonLib/src/myLib/service/display/ili9341/mcuDrvs/tftlcd_drv_stm32f1.o
 .debug_line    0x00000000000029e6      0xb4e Core/MyCommonLib/src/myLib/service/display/ili9341/tftlcd.o
 .debug_line    0x0000000000003534      0x66c Core/Src/gpio.o
 .debug_line    0x0000000000003ba0      0x698 Core/Src/i2c.o
 .debug_line    0x0000000000004238      0xb98 Core/Src/main.o
 .debug_line    0x0000000000004dd0      0x69e Core/Src/spi.o
 .debug_line    0x000000000000546e      0x669 Core/Src/stm32f1xx_hal_msp.o
 .debug_line    0x0000000000005ad7      0x710 Core/Src/stm32f1xx_it.o
 .debug_line    0x00000000000061e7      0x690 Core/Src/system_stm32f1xx.o
 .debug_line    0x0000000000006877      0x69e Core/Src/usart.o
 .debug_line    0x0000000000006f15       0x84 Core/Startup/startup_stm32f103c8tx.o
 .debug_line    0x0000000000006f99      0x843 Drivers/STM32F1xx_HAL_Driver/Src/stm32f1xx_hal.o
 .debug_line    0x00000000000077dc      0x91a Drivers/STM32F1xx_HAL_Driver/Src/stm32f1xx_hal_cortex.o
 .debug_line    0x00000000000080f6      0x83f Drivers/STM32F1xx_HAL_Driver/Src/stm32f1xx_hal_gpio.o
 .debug_line    0x0000000000008935     0x1be9 Drivers/STM32F1xx_HAL_Driver/Src/stm32f1xx_hal_i2c.o
 .debug_line    0x000000000000a51e      0x903 Drivers/STM32F1xx_HAL_Driver/Src/stm32f1xx_hal_rcc.o
 .debug_line    0x000000000000ae21     0x102e Drivers/STM32F1xx_HAL_Driver/Src/stm32f1xx_hal_spi.o
 .debug_line    0x000000000000be4f      0xf81 Drivers/STM32F1xx_HAL_Driver/Src/stm32f1xx_hal_uart.o

.debug_str      0x0000000000000000    0x861e1
 .debug_str     0x0000000000000000    0x82f0c Core/MyCode/mycode.o
                                      0x832ac (size before relaxing)
 .debug_str     0x0000000000082f0c      0x3f0 Core/MyCommonLib/src/myLib/drv/commonDrv/mcuDrvs/commonDrv_stm32f1.o
                                      0x83481 (size before relaxing)
 .debug_str     0x00000000000832fc      0x213 Core/MyCommonLib/src/myLib/drv/spi/mcuDrvs/spi_stm32f1.o
                                      0x8349c (size before relaxing)
 .debug_str     0x000000000008350f      0x188 Core/MyCommonLib/src/myLib/service/display/ili9341/mcuDrvs/tftlcd_drv_stm32f1.o
                                      0x8334e (size before relaxing)
 .debug_str     0x0000000000083697       0xe3 Core/MyCommonLib/src/myLib/service/display/ili9341/tftlcd.o
                                      0x8333f (size before relaxing)
 .debug_str     0x000000000008377a       0xb9 Core/Src/gpio.o
                                      0x7efee (size before relaxing)
 .debug_str     0x0000000000083833      0x2a8 Core/Src/i2c.o
                                      0x7f479 (size before relaxing)
 .debug_str     0x0000000000083adb      0x16f Core/Src/main.o
                                      0x83bda (size before relaxing)
 .debug_str     0x0000000000083c4a       0x4b Core/Src/spi.o
                                      0x7f3d0 (size before relaxing)
 .debug_str     0x0000000000083c95       0x5a Core/Src/stm32f1xx_hal_msp.o
                                      0x7efa4 (size before relaxing)
 .debug_str     0x0000000000083cef       0xbd Core/Src/stm32f1xx_it.o
                                      0x7efc1 (size before relaxing)
 .debug_str     0x0000000000083dac       0x52 Core/Src/system_stm32f1xx.o
                                      0x7ef91 (size before relaxing)
 .debug_str     0x0000000000083dfe       0x57 Core/Src/usart.o
                                      0x7f3b9 (size before relaxing)
 .debug_str     0x0000000000083e55       0x36 Core/Startup/startup_stm32f103c8tx.o
                                         0x5c (size before relaxing)
 .debug_str     0x0000000000083e8b      0x546 Drivers/STM32F1xx_HAL_Driver/Src/stm32f1xx_hal.o
                                      0x7f622 (size before relaxing)
 .debug_str     0x00000000000843d1      0x2fa Drivers/STM32F1xx_HAL_Driver/Src/stm32f1xx_hal_cortex.o
                                      0x7f62a (size before relaxing)
 .debug_str     0x00000000000846cb      0x324 Drivers/STM32F1xx_HAL_Driver/Src/stm32f1xx_hal_gpio.o
                                      0x7f355 (size before relaxing)
 .debug_str     0x00000000000849ef      0xb51 Drivers/STM32F1xx_HAL_Driver/Src/stm32f1xx_hal_i2c.o
                                      0x7ffcd (size before relaxing)
 .debug_str     0x0000000000085540      0x244 Drivers/STM32F1xx_HAL_Driver/Src/stm32f1xx_hal_rcc.o
                                      0x7f38e (size before relaxing)
 .debug_str     0x0000000000085784      0x533 Drivers/STM32F1xx_HAL_Driver/Src/stm32f1xx_hal_spi.o
                                      0x7f896 (size before relaxing)
 .debug_str     0x0000000000085cb7      0x52a Drivers/STM32F1xx_HAL_Driver/Src/stm32f1xx_hal_uart.o
                                      0x7f894 (size before relaxing)

.comment        0x0000000000000000       0x7b
 .comment       0x0000000000000000       0x7b Core/MyCode/mycode.o
                                         0x7c (size before relaxing)
 .comment       0x000000000000007b       0x7c Core/MyCommonLib/src/myLib/drv/commonDrv/mcuDrvs/commonDrv_stm32f1.o
 .comment       0x000000000000007b       0x7c Core/MyCommonLib/src/myLib/drv/spi/mcuDrvs/spi_stm32f1.o
 .comment       0x000000000000007b       0x7c Core/MyCommonLib/src/myLib/service/display/ili9341/mcuDrvs/tftlcd_drv_stm32f1.o
 .comment       0x000000000000007b       0x7c Core/MyCommonLib/src/myLib/service/display/ili9341/tftlcd.o
 .comment       0x000000000000007b       0x7c Core/Src/gpio.o
 .comment       0x000000000000007b       0x7c Core/Src/i2c.o
 .comment       0x000000000000007b       0x7c Core/Src/main.o
 .comment       0x000000000000007b       0x7c Core/Src/spi.o
 .comment       0x000000000000007b       0x7c Core/Src/stm32f1xx_hal_msp.o
 .comment       0x000000000000007b       0x7c Core/Src/stm32f1xx_it.o
 .comment       0x000000000000007b       0x7c Core/Src/system_stm32f1xx.o
 .comment       0x000000000000007b       0x7c Core/Src/usart.o
 .comment       0x000000000000007b       0x7c Drivers/STM32F1xx_HAL_Driver/Src/stm32f1xx_hal.o
 .comment       0x000000000000007b       0x7c Drivers/STM32F1xx_HAL_Driver/Src/stm32f1xx_hal_cortex.o
 .comment       0x000000000000007b       0x7c Drivers/STM32F1xx_HAL_Driver/Src/stm32f1xx_hal_gpio.o
 .comment       0x000000000000007b       0x7c Drivers/STM32F1xx_HAL_Driver/Src/stm32f1xx_hal_i2c.o
 .comment       0x000000000000007b       0x7c Drivers/STM32F1xx_HAL_Driver/Src/stm32f1xx_hal_rcc.o
 .comment       0x000000000000007b       0x7c Drivers/STM32F1xx_HAL_Driver/Src/stm32f1xx_hal_spi.o
 .comment       0x000000000000007b       0x7c Drivers/STM32F1xx_HAL_Driver/Src/stm32f1xx_hal_uart.o

.debug_frame    0x0000000000000000     0x3058
 .debug_frame   0x0000000000000000       0x4c Core/MyCode/mycode.o
 .debug_frame   0x000000000000004c       0xa4 Core/MyCommonLib/src/myLib/drv/commonDrv/mcuDrvs/commonDrv_stm32f1.o
 .debug_frame   0x00000000000000f0       0xe8 Core/MyCommonLib/src/myLib/drv/spi/mcuDrvs/spi_stm32f1.o
 .debug_frame   0x00000000000001d8      0x1b0 Core/MyCommonLib/src/myLib/service/display/ili9341/mcuDrvs/tftlcd_drv_stm32f1.o
 .debug_frame   0x0000000000000388      0x188 Core/MyCommonLib/src/myLib/service/display/ili9341/tftlcd.o
 .debug_frame   0x0000000000000510       0x34 Core/Src/gpio.o
 .debug_frame   0x0000000000000544       0x74 Core/Src/i2c.o
 .debug_frame   0x00000000000005b8       0x68 Core/Src/main.o
 .debug_frame   0x0000000000000620       0x74 Core/Src/spi.o
 .debug_frame   0x0000000000000694       0x38 Core/Src/stm32f1xx_hal_msp.o
 .debug_frame   0x00000000000006cc      0x104 Core/Src/stm32f1xx_it.o
 .debug_frame   0x00000000000007d0       0x58 Core/Src/system_stm32f1xx.o
 .debug_frame   0x0000000000000828       0x74 Core/Src/usart.o
 .debug_frame   0x000000000000089c      0x334 Drivers/STM32F1xx_HAL_Driver/Src/stm32f1xx_hal.o
 .debug_frame   0x0000000000000bd0      0x428 Drivers/STM32F1xx_HAL_Driver/Src/stm32f1xx_hal_cortex.o
 .debug_frame   0x0000000000000ff8      0x14c Drivers/STM32F1xx_HAL_Driver/Src/stm32f1xx_hal_gpio.o
 .debug_frame   0x0000000000001144      0xc54 Drivers/STM32F1xx_HAL_Driver/Src/stm32f1xx_hal_i2c.o
 .debug_frame   0x0000000000001d98      0x21c Drivers/STM32F1xx_HAL_Driver/Src/stm32f1xx_hal_rcc.o
 .debug_frame   0x0000000000001fb4      0x824 Drivers/STM32F1xx_HAL_Driver/Src/stm32f1xx_hal_spi.o
 .debug_frame   0x00000000000027d8      0x834 Drivers/STM32F1xx_HAL_Driver/Src/stm32f1xx_hal_uart.o
 .debug_frame   0x000000000000300c       0x2c d:/stm32cubeide_1.5.0/stm32cubeide/plugins/com.st.stm32cube.ide.mcu.externaltools.gnu-tools-for-stm32.7-2018-q2-update.win32_1.5.0.202011040924/tools/bin/../lib/gcc/arm-none-eabi/7.3.1/../../../../arm-none-eabi/lib/thumb/v7-m\libc_nano.a(lib_a-init.o)
 .debug_frame   0x0000000000003038       0x20 d:/stm32cubeide_1.5.0/stm32cubeide/plugins/com.st.stm32cube.ide.mcu.externaltools.gnu-tools-for-stm32.7-2018-q2-update.win32_1.5.0.202011040924/tools/bin/../lib/gcc/arm-none-eabi/7.3.1/../../../../arm-none-eabi/lib/thumb/v7-m\libc_nano.a(lib_a-memset.o)
